../Core/Src/functions.c:46:6:motor1_set_state	32	static
../Core/Src/functions.c:94:6:motor2_set_state	32	static
../Core/Src/functions.c:138:7:FindMaxPositionVoltageMotor1	24	static
../Core/Src/functions.c:176:7:FindMaxPositionVoltageMotor2	24	static
../Core/Src/functions.c:212:6:Update_Home_Positions	4	static
../Core/Src/functions.c:218:7:FindMinPositionVoltageMotor2	24	static
../Core/Src/functions.c:256:7:FindMinPositionVoltageMotor1	24	static
../Core/Src/functions.c:292:7:PID_Control	64	static
../Core/Src/functions.c:331:6:moveMotor1ToADCValue	48	static
../Core/Src/functions.c:383:6:moveMotor2ToADCValue	48	static
../Core/Src/functions.c:432:6:moveMotor1ToADCValue_And_Measure_Smoothness	104	static
../Core/Src/functions.c:485:6:moveMotor2ToADCValue_And_Measure_Smoothness	104	static
../Core/Src/functions.c:541:10:ADC_MIN_TO_ADC_MAX_M1	24	static
../Core/Src/functions.c:556:10:ADC_MAX_TO_ADC_MIN_M1	24	static
../Core/Src/functions.c:572:7:Get_M1_Min_to_Max_Smoothness	24	static
../Core/Src/functions.c:586:7:Get_M1_Max_to_Min_Smoothness	24	static
../Core/Src/functions.c:600:10:ADC_MIN_TO_ADC_MAX_M2	24	static
../Core/Src/functions.c:616:10:ADC_MAX_TO_ADC_MIN_M2	24	static
../Core/Src/functions.c:638:7:Get_M2_Min_to_Max_Smoothness	24	static
../Core/Src/functions.c:652:7:Get_M2_Max_to_Min_Smoothness	24	static
