../Core/Src/main.c:94:5:main	40	static
../Core/Src/main.c:184:6:SystemClock_Config	88	static
../Core/Src/main.c:230:13:MX_ADC1_Init	80	static
../Core/Src/main.c:329:13:MX_I2C1_Init	8	static
../Core/Src/main.c:363:13:MX_TIM1_Init	96	static
../Core/Src/main.c:438:13:MX_TIM2_Init	64	static
../Core/Src/main.c:497:13:MX_USART2_UART_Init	8	static
../Core/Src/main.c:528:13:MX_DMA_Init	16	static
../Core/Src/main.c:546:13:MX_GPIO_Init	48	static
../Core/Src/main.c:584:6:Error_Handler	4	static,ignoring_inline_asm
