../Core/Src/main.c:95:5:main	16	static
../Core/Src/main.c:217:6:SystemClock_Config	88	static
../Core/Src/main.c:263:13:MX_ADC1_Init	80	static
../Core/Src/main.c:362:13:MX_DAC_Init	16	static
../Core/Src/main.c:402:13:MX_I2C1_Init	8	static
../Core/Src/main.c:436:13:MX_TIM1_Init	96	static
../Core/Src/main.c:511:13:MX_TIM2_Init	64	static
../Core/Src/main.c:570:13:MX_TIM6_Init	16	static
../Core/Src/main.c:608:13:MX_USART2_UART_Init	8	static
../Core/Src/main.c:639:13:MX_DMA_Init	16	static
../Core/Src/main.c:661:13:MX_GPIO_Init	56	static
../Core/Src/main.c:707:6:Error_Handler	4	static,ignoring_inline_asm
