../Core/Src/main.c:98:5:main	22
../Core/Src/main.c:269:6:SystemClock_Config	3
../Core/Src/main.c:315:13:MX_ADC1_Init	7
../Core/Src/main.c:414:13:MX_DAC_Init	3
../Core/Src/main.c:454:13:MX_I2C1_Init	2
../Core/Src/main.c:488:13:MX_TIM1_Init	7
../Core/Src/main.c:563:13:MX_TIM2_Init	6
../Core/Src/main.c:622:13:MX_TIM3_Init	4
../Core/Src/main.c:667:13:MX_TIM6_Init	3
../Core/Src/main.c:705:13:MX_USART2_UART_Init	2
../Core/Src/main.c:736:13:MX_DMA_Init	1
../Core/Src/main.c:758:13:MX_GPIO_Init	1
../Core/Src/main.c:797:6:HAL_TIM_PeriodElapsedCallback	2
../Core/Src/main.c:812:6:Error_Handler	1
