../Drivers/CMSIS/Include/core_cm4.h:2064:26:ITM_SendChar	4
../Core/Src/main.c:80:5:__io_putchar	1
../Core/Src/main.c:90:5:_write	2
../Core/Src/main.c:107:5:main	6
../Core/Src/main.c:211:6:SystemClock_Config	3
../Core/Src/main.c:257:13:MX_ADC1_Init	7
../Core/Src/main.c:356:13:MX_I2C1_Init	2
../Core/Src/main.c:390:13:MX_TIM1_Init	7
../Core/Src/main.c:465:13:MX_TIM2_Init	6
../Core/Src/main.c:524:13:MX_USART2_UART_Init	2
../Core/Src/main.c:555:13:MX_DMA_Init	1
../Core/Src/main.c:573:13:MX_GPIO_Init	1
../Core/Src/main.c:613:6:Error_Handler	1
