../Drivers/CMSIS/Include/core_cm4.h:2064:26:ITM_SendChar	4
../Core/Src/main.c:77:5:__io_putchar	1
../Core/Src/main.c:87:5:_write	2
../Core/Src/main.c:104:5:main	2
../Core/Src/main.c:164:6:SystemClock_Config	3
../Core/Src/main.c:210:13:MX_ADC1_Init	7
../Core/Src/main.c:309:13:MX_I2C1_Init	2
../Core/Src/main.c:343:13:MX_TIM1_Init	7
../Core/Src/main.c:418:13:MX_TIM2_Init	6
../Core/Src/main.c:477:13:MX_USART2_UART_Init	2
../Core/Src/main.c:508:13:MX_DMA_Init	1
../Core/Src/main.c:526:13:MX_GPIO_Init	1
../Core/Src/main.c:566:6:Error_Handler	1
