Archive member included to satisfy reference by file (symbol)

C:/ST/STM32CubeIDE_1.15.0/STM32CubeIDE/plugins/com.st.stm32cube.ide.mcu.externaltools.gnu-tools-for-stm32.13.3.rel1.win32_1.0.0.202411081344/tools/bin/../lib/gcc/arm-none-eabi/13.3.1/../../../../arm-none-eabi/lib/thumb/v7e-m+fp/hard\libc_nano.a(libc_a-exit.o)
                              C:/ST/STM32CubeIDE_1.15.0/STM32CubeIDE/plugins/com.st.stm32cube.ide.mcu.externaltools.gnu-tools-for-stm32.13.3.rel1.win32_1.0.0.202411081344/tools/bin/../lib/gcc/arm-none-eabi/13.3.1/../../../../arm-none-eabi/lib/thumb/v7e-m+fp/hard/crt0.o (exit)
C:/ST/STM32CubeIDE_1.15.0/STM32CubeIDE/plugins/com.st.stm32cube.ide.mcu.externaltools.gnu-tools-for-stm32.13.3.rel1.win32_1.0.0.202411081344/tools/bin/../lib/gcc/arm-none-eabi/13.3.1/../../../../arm-none-eabi/lib/thumb/v7e-m+fp/hard\libc_nano.a(libc_a-findfp.o)
                              C:/ST/STM32CubeIDE_1.15.0/STM32CubeIDE/plugins/com.st.stm32cube.ide.mcu.externaltools.gnu-tools-for-stm32.13.3.rel1.win32_1.0.0.202411081344/tools/bin/../lib/gcc/arm-none-eabi/13.3.1/../../../../arm-none-eabi/lib/thumb/v7e-m+fp/hard\libc_nano.a(libc_a-exit.o) (__stdio_exit_handler)
C:/ST/STM32CubeIDE_1.15.0/STM32CubeIDE/plugins/com.st.stm32cube.ide.mcu.externaltools.gnu-tools-for-stm32.13.3.rel1.win32_1.0.0.202411081344/tools/bin/../lib/gcc/arm-none-eabi/13.3.1/../../../../arm-none-eabi/lib/thumb/v7e-m+fp/hard\libc_nano.a(libc_a-fwalk.o)
                              C:/ST/STM32CubeIDE_1.15.0/STM32CubeIDE/plugins/com.st.stm32cube.ide.mcu.externaltools.gnu-tools-for-stm32.13.3.rel1.win32_1.0.0.202411081344/tools/bin/../lib/gcc/arm-none-eabi/13.3.1/../../../../arm-none-eabi/lib/thumb/v7e-m+fp/hard\libc_nano.a(libc_a-findfp.o) (_fwalk_sglue)
C:/ST/STM32CubeIDE_1.15.0/STM32CubeIDE/plugins/com.st.stm32cube.ide.mcu.externaltools.gnu-tools-for-stm32.13.3.rel1.win32_1.0.0.202411081344/tools/bin/../lib/gcc/arm-none-eabi/13.3.1/../../../../arm-none-eabi/lib/thumb/v7e-m+fp/hard\libc_nano.a(libc_a-printf.o)
                              ./Core/Src/i2ccomm.o (printf)
C:/ST/STM32CubeIDE_1.15.0/STM32CubeIDE/plugins/com.st.stm32cube.ide.mcu.externaltools.gnu-tools-for-stm32.13.3.rel1.win32_1.0.0.202411081344/tools/bin/../lib/gcc/arm-none-eabi/13.3.1/../../../../arm-none-eabi/lib/thumb/v7e-m+fp/hard\libc_nano.a(libc_a-puts.o)
                              ./Core/Src/i2ccomm.o (puts)
C:/ST/STM32CubeIDE_1.15.0/STM32CubeIDE/plugins/com.st.stm32cube.ide.mcu.externaltools.gnu-tools-for-stm32.13.3.rel1.win32_1.0.0.202411081344/tools/bin/../lib/gcc/arm-none-eabi/13.3.1/../../../../arm-none-eabi/lib/thumb/v7e-m+fp/hard\libc_nano.a(libc_a-stdio.o)
                              C:/ST/STM32CubeIDE_1.15.0/STM32CubeIDE/plugins/com.st.stm32cube.ide.mcu.externaltools.gnu-tools-for-stm32.13.3.rel1.win32_1.0.0.202411081344/tools/bin/../lib/gcc/arm-none-eabi/13.3.1/../../../../arm-none-eabi/lib/thumb/v7e-m+fp/hard\libc_nano.a(libc_a-findfp.o) (__sread)
C:/ST/STM32CubeIDE_1.15.0/STM32CubeIDE/plugins/com.st.stm32cube.ide.mcu.externaltools.gnu-tools-for-stm32.13.3.rel1.win32_1.0.0.202411081344/tools/bin/../lib/gcc/arm-none-eabi/13.3.1/../../../../arm-none-eabi/lib/thumb/v7e-m+fp/hard\libc_nano.a(libc_a-wbuf.o)
                              C:/ST/STM32CubeIDE_1.15.0/STM32CubeIDE/plugins/com.st.stm32cube.ide.mcu.externaltools.gnu-tools-for-stm32.13.3.rel1.win32_1.0.0.202411081344/tools/bin/../lib/gcc/arm-none-eabi/13.3.1/../../../../arm-none-eabi/lib/thumb/v7e-m+fp/hard\libc_nano.a(libc_a-puts.o) (__swbuf_r)
C:/ST/STM32CubeIDE_1.15.0/STM32CubeIDE/plugins/com.st.stm32cube.ide.mcu.externaltools.gnu-tools-for-stm32.13.3.rel1.win32_1.0.0.202411081344/tools/bin/../lib/gcc/arm-none-eabi/13.3.1/../../../../arm-none-eabi/lib/thumb/v7e-m+fp/hard\libc_nano.a(libc_a-wsetup.o)
                              C:/ST/STM32CubeIDE_1.15.0/STM32CubeIDE/plugins/com.st.stm32cube.ide.mcu.externaltools.gnu-tools-for-stm32.13.3.rel1.win32_1.0.0.202411081344/tools/bin/../lib/gcc/arm-none-eabi/13.3.1/../../../../arm-none-eabi/lib/thumb/v7e-m+fp/hard\libc_nano.a(libc_a-puts.o) (__swsetup_r)
C:/ST/STM32CubeIDE_1.15.0/STM32CubeIDE/plugins/com.st.stm32cube.ide.mcu.externaltools.gnu-tools-for-stm32.13.3.rel1.win32_1.0.0.202411081344/tools/bin/../lib/gcc/arm-none-eabi/13.3.1/../../../../arm-none-eabi/lib/thumb/v7e-m+fp/hard\libc_nano.a(libc_a-memset.o)
                              C:/ST/STM32CubeIDE_1.15.0/STM32CubeIDE/plugins/com.st.stm32cube.ide.mcu.externaltools.gnu-tools-for-stm32.13.3.rel1.win32_1.0.0.202411081344/tools/bin/../lib/gcc/arm-none-eabi/13.3.1/../../../../arm-none-eabi/lib/thumb/v7e-m+fp/hard/crt0.o (memset)
C:/ST/STM32CubeIDE_1.15.0/STM32CubeIDE/plugins/com.st.stm32cube.ide.mcu.externaltools.gnu-tools-for-stm32.13.3.rel1.win32_1.0.0.202411081344/tools/bin/../lib/gcc/arm-none-eabi/13.3.1/../../../../arm-none-eabi/lib/thumb/v7e-m+fp/hard\libc_nano.a(libc_a-closer.o)
[...]
Memory Configuration

Name             Origin             Length             Attributes
CCMRAM           0x10000000         0x00010000         xrw
RAM              0x20000000         0x00020000         xrw
FLASH            0x08000000         0x00100000         xr
*default*        0x00000000         0xffffffff

Linker script and memory map

LOAD C:/ST/STM32CubeIDE_1.15.0/STM32CubeIDE/plugins/com.st.stm32cube.ide.mcu.externaltools.gnu-tools-for-stm32.13.3.rel1.win32_1.0.0.202411081344/tools/bin/../lib/gcc/arm-none-eabi/13.3.1/thumb/v7e-m+fp/hard/crti.o
LOAD C:/ST/STM32CubeIDE_1.15.0/STM32CubeIDE/plugins/com.st.stm32cube.ide.mcu.externaltools.gnu-tools-for-stm32.13.3.rel1.win32_1.0.0.202411081344/tools/bin/../lib/gcc/arm-none-eabi/13.3.1/thumb/v7e-m+fp/hard/crtbegin.o
LOAD C:/ST/STM32CubeIDE_1.15.0/STM32CubeIDE/plugins/com.st.stm32cube.ide.mcu.externaltools.gnu-tools-for-stm32.13.3.rel1.win32_1.0.0.202411081344/tools/bin/../lib/gcc/arm-none-eabi/13.3.1/../../../../arm-none-eabi/lib/thumb/v7e-m+fp/hard/crt0.o
LOAD ./Core/Src/i2ccomm.o
LOAD ./Core/Src/ina226.o
LOAD ./Core/Src/main.o
LOAD ./Core/Src/stm32f4xx_hal_msp.o
LOAD ./Core/Src/stm32f4xx_it.o
LOAD ./Core/Src/syscalls.o
LOAD ./Core/Src/sysmem.o
LOAD ./Core/Src/system_stm32f4xx.o
LOAD ./Core/Startup/startup_stm32f407vgtx.o
LOAD ./Drivers/STM32F4xx_HAL_Driver/Src/stm32f4xx_hal.o
LOAD ./Drivers/STM32F4xx_HAL_Driver/Src/stm32f4xx_hal_adc.o
LOAD ./Drivers/STM32F4xx_HAL_Driver/Src/stm32f4xx_hal_adc_ex.o
LOAD ./Drivers/STM32F4xx_HAL_Driver/Src/stm32f4xx_hal_cortex.o
LOAD ./Drivers/STM32F4xx_HAL_Driver/Src/stm32f4xx_hal_dma.o
LOAD ./Drivers/STM32F4xx_HAL_Driver/Src/stm32f4xx_hal_dma_ex.o
LOAD ./Drivers/STM32F4xx_HAL_Driver/Src/stm32f4xx_hal_exti.o
LOAD ./Drivers/STM32F4xx_HAL_Driver/Src/stm32f4xx_hal_flash.o
LOAD ./Drivers/STM32F4xx_HAL_Driver/Src/stm32f4xx_hal_flash_ex.o
LOAD ./Drivers/STM32F4xx_HAL_Driver/Src/stm32f4xx_hal_flash_ramfunc.o
LOAD ./Drivers/STM32F4xx_HAL_Driver/Src/stm32f4xx_hal_gpio.o
LOAD ./Drivers/STM32F4xx_HAL_Driver/Src/stm32f4xx_hal_i2c.o
LOAD ./Drivers/STM32F4xx_HAL_Driver/Src/stm32f4xx_hal_i2c_ex.o
LOAD ./Drivers/STM32F4xx_HAL_Driver/Src/stm32f4xx_hal_pwr.o
LOAD ./Drivers/STM32F4xx_HAL_Driver/Src/stm32f4xx_hal_pwr_ex.o
LOAD ./Drivers/STM32F4xx_HAL_Driver/Src/stm32f4xx_hal_rcc.o
LOAD ./Drivers/STM32F4xx_HAL_Driver/Src/stm32f4xx_hal_rcc_ex.o
LOAD ./Drivers/STM32F4xx_HAL_Driver/Src/stm32f4xx_hal_tim.o
LOAD ./Drivers/STM32F4xx_HAL_Driver/Src/stm32f4xx_hal_tim_ex.o
LOAD ./Drivers/STM32F4xx_HAL_Driver/Src/stm32f4xx_hal_uart.o
LOAD ./Drivers/STM32F4xx_HAL_Driver/Src/stm32f4xx_ll_adc.o
START GROUP
LOAD C:/ST/STM32CubeIDE_1.15.0/STM32CubeIDE/plugins/com.st.stm32cube.ide.mcu.externaltools.gnu-tools-for-stm32.13.3.rel1.win32_1.0.0.202411081344/tools/bin/../lib/gcc/arm-none-eabi/13.3.1/../../../../arm-none-eabi/lib/thumb/v7e-m+fp/hard\libc_nano.a
LOAD C:/ST/STM32CubeIDE_1.15.0/STM32CubeIDE/plugins/com.st.stm32cube.ide.mcu.externaltools.gnu-tools-for-stm32.13.3.rel1.win32_1.0.0.202411081344/tools/bin/../lib/gcc/arm-none-eabi/13.3.1/../../../../arm-none-eabi/lib/thumb/v7e-m+fp/hard\libm.a
END GROUP
START GROUP
LOAD C:/ST/STM32CubeIDE_1.15.0/STM32CubeIDE/plugins/com.st.stm32cube.ide.mcu.externaltools.gnu-tools-for-stm32.13.3.rel1.win32_1.0.0.202411081344/tools/bin/../lib/gcc/arm-none-eabi/13.3.1/thumb/v7e-m+fp/hard\libgcc.a
LOAD C:/ST/STM32CubeIDE_1.15.0/STM32CubeIDE/plugins/com.st.stm32cube.ide.mcu.externaltools.gnu-tools-for-stm32.13.3.rel1.win32_1.0.0.202411081344/tools/bin/../lib/gcc/arm-none-eabi/13.3.1/../../../../arm-none-eabi/lib/thumb/v7e-m+fp/hard\libc_nano.a
END GROUP
START GROUP
LOAD C:/ST/STM32CubeIDE_1.15.0/STM32CubeIDE/plugins/com.st.stm32cube.ide.mcu.externaltools.gnu-tools-for-stm32.13.3.rel1.win32_1.0.0.202411081344/tools/bin/../lib/gcc/arm-none-eabi/13.3.1/thumb/v7e-m+fp/hard\libgcc.a
LOAD C:/ST/STM32CubeIDE_1.15.0/STM32CubeIDE/plugins/com.st.stm32cube.ide.mcu.externaltools.gnu-tools-for-stm32.13.3.rel1.win32_1.0.0.202411081344/tools/bin/../lib/gcc/arm-none-eabi/13.3.1/../../../../arm-none-eabi/lib/thumb/v7e-m+fp/hard\libc_nano.a
LOAD C:/ST/STM32CubeIDE_1.15.0/STM32CubeIDE/plugins/com.st.stm32cube.ide.mcu.externaltools.gnu-tools-for-stm32.13.3.rel1.win32_1.0.0.202411081344/tools/bin/../lib/gcc/arm-none-eabi/13.3.1/../../../../arm-none-eabi/lib/thumb/v7e-m+fp/hard\libnosys.a
END GROUP
START GROUP
LOAD C:/ST/STM32CubeIDE_1.15.0/STM32CubeIDE/plugins/com.st.stm32cube.ide.mcu.externaltools.gnu-tools-for-stm32.13.3.rel1.win32_1.0.0.202411081344/tools/bin/../lib/gcc/arm-none-eabi/13.3.1/thumb/v7e-m+fp/hard\libgcc.a
LOAD C:/ST/STM32CubeIDE_1.15.0/STM32CubeIDE/plugins/com.st.stm32cube.ide.mcu.externaltools.gnu-tools-for-stm32.13.3.rel1.win32_1.0.0.202411081344/tools/bin/../lib/gcc/arm-none-eabi/13.3.1/../../../../arm-none-eabi/lib/thumb/v7e-m+fp/hard\libc_nano.a
LOAD C:/ST/STM32CubeIDE_1.15.0/STM32CubeIDE/plugins/com.st.stm32cube.ide.mcu.externaltools.gnu-tools-for-stm32.13.3.rel1.win32_1.0.0.202411081344/tools/bin/../lib/gcc/arm-none-eabi/13.3.1/../../../../arm-none-eabi/lib/thumb/v7e-m+fp/hard\libnosys.a
END GROUP
LOAD C:/ST/STM32CubeIDE_1.15.0/STM32CubeIDE/plugins/com.st.stm32cube.ide.mcu.externaltools.gnu-tools-for-stm32.13.3.rel1.win32_1.0.0.202411081344/tools/bin/../lib/gcc/arm-none-eabi/13.3.1/thumb/v7e-m+fp/hard/crtend.o
LOAD C:/ST/STM32CubeIDE_1.15.0/STM32CubeIDE/plugins/com.st.stm32cube.ide.mcu.externaltools.gnu-tools-for-stm32.13.3.rel1.win32_1.0.0.202411081344/tools/bin/../lib/gcc/arm-none-eabi/13.3.1/thumb/v7e-m+fp/hard/crtn.o
                0x20020000                        _estack = (ORIGIN (RAM) + LENGTH (RAM))
                0x00000200                        _Min_Heap_Size = 0x200
                0x00000400                        _Min_Stack_Size = 0x400

.isr_vector     0x08000000      0x188
                0x08000000                        . = ALIGN (0x4)
 *(.isr_vector)
 .isr_vector    0x08000000      0x188 ./Core/Startup/startup_stm32f407vgtx.o
                0x08000000                g_pfnVectors
                0x08000188                        . = ALIGN (0x4)

.text           0x08000190     0x7588
                0x08000190                        . = ALIGN (0x4)
 *(.text)
 .text          0x08000190       0x40 C:/ST/STM32CubeIDE_1.15.0/STM32CubeIDE/plugins/com.st.stm32cube.ide.mcu.externaltools.gnu-tools-for-stm32.13.3.rel1.win32_1.0.0.202411081344/tools/bin/../lib/gcc/arm-none-eabi/13.3.1/thumb/v7e-m+fp/hard/crtbegin.o
 .text          0x080001d0       0xa0 C:/ST/STM32CubeIDE_1.15.0/STM32CubeIDE/plugins/com.st.stm32cube.ide.mcu.externaltools.gnu-tools-for-stm32.13.3.rel1.win32_1.0.0.202411081344/tools/bin/../lib/gcc/arm-none-eabi/13.3.1/../../../../arm-none-eabi/lib/thumb/v7e-m+fp/hard\libc_nano.a(libc_a-memchr.o)
                0x080001d0                memchr
 .text          0x08000270       0x30 C:/ST/STM32CubeIDE_1.15.0/STM32CubeIDE/plugins/com.st.stm32cube.ide.mcu.externaltools.gnu-tools-for-stm32.13.3.rel1.win32_1.0.0.202411081344/tools/bin/../lib/gcc/arm-none-eabi/13.3.1/thumb/v7e-m+fp/hard\libgcc.a(_aeabi_uldivmod.o)
                0x08000270                __aeabi_uldivmod
 .text          0x080002a0      0x2f8 C:/ST/STM32CubeIDE_1.15.0/STM32CubeIDE/plugins/com.st.stm32cube.ide.mcu.externaltools.gnu-tools-for-stm32.13.3.rel1.win32_1.0.0.202411081344/tools/bin/../lib/gcc/arm-none-eabi/13.3.1/thumb/v7e-m+fp/hard\libgcc.a(_udivmoddi4.o)
                0x080002a0                __udivmoddi4
 .text          0x08000598        0x4 C:/ST/STM32CubeIDE_1.15.0/STM32CubeIDE/plugins/com.st.stm32cube.ide.mcu.externaltools.gnu-tools-for-stm32.13.3.rel1.win32_1.0.0.202411081344/tools/bin/../lib/gcc/arm-none-eabi/13.3.1/thumb/v7e-m+fp/hard\libgcc.a(_dvmd_tls.o)
                0x08000598                __aeabi_idiv0
                0x08000598                __aeabi_ldiv0
 *(.text*)
 .text.I2C_Init
                0x0800059c      0x1a8 ./Core/Src/i2ccomm.o
                0x0800059c                I2C_Init
 .text.I2C_ReadVoltage
                0x08000744       0x9c ./Core/Src/i2ccomm.o
                0x08000744                I2C_ReadVoltage
 .text.I2C_ReadCurrent
                0x080007e0       0x90 ./Core/Src/i2ccomm.o
                0x080007e0                I2C_ReadCurrent
 .text.I2C_Scan
                0x08000870       0x60 ./Core/Src/i2ccomm.o
                0x08000870                I2C_Scan
 .text.INA226_Init
                0x080008d0       0xcc ./Core/Src/ina226.o
                0x080008d0                INA226_Init
 .text.INA226_ReadBusVoltage
                0x0800099c       0x48 ./Core/Src/ina226.o
                0x0800099c                INA226_ReadBusVoltage
 .text.INA226_ReadCurrent
                0x080009e4       0x4c ./Core/Src/ina226.o
                0x080009e4                INA226_ReadCurrent
 .text.INA226_ReadPower
                0x08000a30       0x46 ./Core/Src/ina226.o
                0x08000a30                INA226_ReadPower
 .text.INA226_WriteRegister
                0x08000a76       0x4c ./Core/Src/ina226.o
 .text.INA226_ReadRegister
                0x08000ac2       0x5a ./Core/Src/ina226.o
 .text.ITM_SendChar
                0x08000b1c       0x4e ./Core/Src/main.o
 .text.__io_putchar
                0x08000b6a       0x1a ./Core/Src/main.o
                0x08000b6a                __io_putchar
 .text._write   0x08000b84       0x38 ./Core/Src/main.o
                0x08000b84                _write
 .text.main     0x08000bbc      0x138 ./Core/Src/main.o
                0x08000bbc                main
 .text.SystemClock_Config
                0x08000cf4       0xd4 ./Core/Src/main.o
                0x08000cf4                SystemClock_Config
 .text.MX_ADC1_Init
                0x08000dc8      0x168 ./Core/Src/main.o
 .text.MX_I2C1_Init
                0x08000f30       0x5c ./Core/Src/main.o
 .text.MX_TIM1_Init
                0x08000f8c      0x140 ./Core/Src/main.o
 .text.MX_TIM2_Init
                0x080010cc       0xe8 ./Core/Src/main.o
 .text.MX_USART2_UART_Init
                0x080011b4       0x54 ./Core/Src/main.o
 .text.MX_DMA_Init
                0x08001208       0x40 ./Core/Src/main.o
 .text.MX_GPIO_Init
                0x08001248       0xdc ./Core/Src/main.o
 .text.Error_Handler
                0x08001324        0xc ./Core/Src/main.o
                0x08001324                Error_Handler
 .text.HAL_MspInit
                0x08001330       0x50 ./Core/Src/stm32f4xx_hal_msp.o
                0x08001330                HAL_MspInit
 .text.HAL_ADC_MspInit
                0x08001380      0x100 ./Core/Src/stm32f4xx_hal_msp.o
                0x08001380                HAL_ADC_MspInit
 .text.HAL_I2C_MspInit
                0x08001480       0x90 ./Core/Src/stm32f4xx_hal_msp.o
                0x08001480                HAL_I2C_MspInit
 .text.HAL_TIM_Base_MspInit
                0x08001510       0x6c ./Core/Src/stm32f4xx_hal_msp.o
                0x08001510                HAL_TIM_Base_MspInit
 .text.HAL_TIM_MspPostInit
                0x0800157c       0xbc ./Core/Src/stm32f4xx_hal_msp.o
                0x0800157c                HAL_TIM_MspPostInit
 .text.HAL_UART_MspInit
                0x08001638       0xa0 ./Core/Src/stm32f4xx_hal_msp.o
                0x08001638                HAL_UART_MspInit
 .text.NMI_Handler
                0x080016d8        0x8 ./Core/Src/stm32f4xx_it.o
                0x080016d8                NMI_Handler
 .text.HardFault_Handler
                0x080016e0        0x8 ./Core/Src/stm32f4xx_it.o
                0x080016e0                HardFault_Handler
 .text.MemManage_Handler
                0x080016e8        0x8 ./Core/Src/stm32f4xx_it.o
                0x080016e8                MemManage_Handler
 .text.BusFault_Handler
                0x080016f0        0x8 ./Core/Src/stm32f4xx_it.o
                0x080016f0                BusFault_Handler
 .text.UsageFault_Handler
                0x080016f8        0x8 ./Core/Src/stm32f4xx_it.o
                0x080016f8                UsageFault_Handler
 .text.SVC_Handler
                0x08001700        0xe ./Core/Src/stm32f4xx_it.o
                0x08001700                SVC_Handler
 .text.DebugMon_Handler
                0x0800170e        0xe ./Core/Src/stm32f4xx_it.o
                0x0800170e                DebugMon_Handler
 .text.PendSV_Handler
                0x0800171c        0xe ./Core/Src/stm32f4xx_it.o
                0x0800171c                PendSV_Handler
 .text.SysTick_Handler
                0x0800172a        0xc ./Core/Src/stm32f4xx_it.o
                0x0800172a                SysTick_Handler
 *fill*         0x08001736        0x2 
 .text.ADC_IRQHandler
                0x08001738       0x14 ./Core/Src/stm32f4xx_it.o
                0x08001738                ADC_IRQHandler
 .text.USART2_IRQHandler
                0x0800174c       0x14 ./Core/Src/stm32f4xx_it.o
                0x0800174c                USART2_IRQHandler
 .text.DMA2_Stream0_IRQHandler
                0x08001760       0x14 ./Core/Src/stm32f4xx_it.o
                0x08001760                DMA2_Stream0_IRQHandler
 .text._read    0x08001774       0x3a ./Core/Src/syscalls.o
                0x08001774                _read
 .text._close   0x080017ae       0x18 ./Core/Src/syscalls.o
                0x080017ae                _close
 .text._fstat   0x080017c6       0x20 ./Core/Src/syscalls.o
                0x080017c6                _fstat
 .text._isatty  0x080017e6       0x16 ./Core/Src/syscalls.o
                0x080017e6                _isatty
 .text._lseek   0x080017fc       0x1a ./Core/Src/syscalls.o
                0x080017fc                _lseek
 *fill*         0x08001816        0x2 
 .text._sbrk    0x08001818       0x6c ./Core/Src/sysmem.o
                0x08001818                _sbrk
 .text.SystemInit
                0x08001884       0x24 ./Core/Src/system_stm32f4xx.o
                0x08001884                SystemInit
 .text.Reset_Handler
                0x080018a8       0x50 ./Core/Startup/startup_stm32f407vgtx.o
                0x080018a8                Reset_Handler
 .text.Default_Handler
                0x080018f8        0x2 ./Core/Startup/startup_stm32f407vgtx.o
                0x080018f8                RTC_Alarm_IRQHandler
                0x080018f8                HASH_RNG_IRQHandler
                0x080018f8                EXTI2_IRQHandler
                0x080018f8                TIM8_CC_IRQHandler
                0x080018f8                TIM1_CC_IRQHandler
                0x080018f8                DMA2_Stream5_IRQHandler
                0x080018f8                DMA1_Stream5_IRQHandler
                0x080018f8                PVD_IRQHandler
                0x080018f8                SDIO_IRQHandler
                0x080018f8                TAMP_STAMP_IRQHandler
                0x080018f8                CAN2_RX1_IRQHandler
                0x080018f8                EXTI3_IRQHandler
                0x080018f8                TIM8_TRG_COM_TIM14_IRQHandler
                0x080018f8                TIM1_UP_TIM10_IRQHandler
                0x080018f8                TIM8_UP_TIM13_IRQHandler
                0x080018f8                I2C3_ER_IRQHandler
                0x080018f8                EXTI0_IRQHandler
                0x080018f8                I2C2_EV_IRQHandler
                0x080018f8                DMA1_Stream2_IRQHandler
                0x080018f8                CAN1_RX0_IRQHandler
                0x080018f8                FPU_IRQHandler
                0x080018f8                OTG_HS_WKUP_IRQHandler
                0x080018f8                CAN2_SCE_IRQHandler
                0x080018f8                DMA2_Stream2_IRQHandler
                0x080018f8                SPI1_IRQHandler
                0x080018f8                TIM6_DAC_IRQHandler
                0x080018f8                TIM1_BRK_TIM9_IRQHandler
                0x080018f8                DCMI_IRQHandler
                0x080018f8                CAN2_RX0_IRQHandler
                0x080018f8                DMA2_Stream3_IRQHandler
                0x080018f8                USART6_IRQHandler
                0x080018f8                USART3_IRQHandler
                0x080018f8                CAN1_RX1_IRQHandler
                0x080018f8                UART5_IRQHandler
                0x080018f8                TIM4_IRQHandler
                0x080018f8                I2C1_EV_IRQHandler
                0x080018f8                DMA1_Stream6_IRQHandler
                0x080018f8                DMA1_Stream1_IRQHandler
                0x080018f8                UART4_IRQHandler
                0x080018f8                TIM3_IRQHandler
                0x080018f8                RCC_IRQHandler
                0x080018f8                TIM8_BRK_TIM12_IRQHandler
                0x080018f8                Default_Handler
                0x080018f8                EXTI15_10_IRQHandler
                0x080018f8                DMA1_Stream7_IRQHandler
                0x080018f8                TIM7_IRQHandler
                0x080018f8                CAN2_TX_IRQHandler
                0x080018f8                TIM5_IRQHandler
                0x080018f8                DMA2_Stream7_IRQHandler
                0x080018f8                I2C3_EV_IRQHandler
                0x080018f8                EXTI9_5_IRQHandler
                0x080018f8                RTC_WKUP_IRQHandler
                0x080018f8                ETH_WKUP_IRQHandler
                0x080018f8                SPI2_IRQHandler
                0x080018f8                OTG_HS_EP1_IN_IRQHandler
                0x080018f8                DMA1_Stream0_IRQHandler
                0x080018f8                CAN1_TX_IRQHandler
                0x080018f8                EXTI4_IRQHandler
                0x080018f8                FSMC_IRQHandler
                0x080018f8                ETH_IRQHandler
                0x080018f8                OTG_HS_EP1_OUT_IRQHandler
                0x080018f8                WWDG_IRQHandler
                0x080018f8                TIM2_IRQHandler
                0x080018f8                OTG_FS_WKUP_IRQHandler
                0x080018f8                TIM1_TRG_COM_TIM11_IRQHandler
                0x080018f8                OTG_HS_IRQHandler
                0x080018f8                EXTI1_IRQHandler
                0x080018f8                I2C2_ER_IRQHandler
                0x080018f8                DMA2_Stream1_IRQHandler
                0x080018f8                CAN1_SCE_IRQHandler
                0x080018f8                FLASH_IRQHandler
                0x080018f8                DMA2_Stream4_IRQHandler
                0x080018f8                USART1_IRQHandler
                0x080018f8                OTG_FS_IRQHandler
                0x080018f8                SPI3_IRQHandler
                0x080018f8                DMA1_Stream4_IRQHandler
                0x080018f8                I2C1_ER_IRQHandler
                0x080018f8                DMA2_Stream6_IRQHandler
                0x080018f8                DMA1_Stream3_IRQHandler
 *fill*         0x080018fa        0x2 
 .text.HAL_Init
                0x080018fc       0x44 ./Drivers/STM32F4xx_HAL_Driver/Src/stm32f4xx_hal.o
                0x080018fc                HAL_Init
 .text.HAL_InitTick
                0x08001940       0x60 ./Drivers/STM32F4xx_HAL_Driver/Src/stm32f4xx_hal.o
                0x08001940                HAL_InitTick
 .text.HAL_IncTick
                0x080019a0       0x28 ./Drivers/STM32F4xx_HAL_Driver/Src/stm32f4xx_hal.o
                0x080019a0                HAL_IncTick
 .text.HAL_GetTick
                0x080019c8       0x18 ./Drivers/STM32F4xx_HAL_Driver/Src/stm32f4xx_hal.o
                0x080019c8                HAL_GetTick
 .text.HAL_Delay
                0x080019e0       0x48 ./Drivers/STM32F4xx_HAL_Driver/Src/stm32f4xx_hal.o
                0x080019e0                HAL_Delay
 .text.HAL_ADC_Init
                0x08001a28       0x86 ./Drivers/STM32F4xx_HAL_Driver/Src/stm32f4xx_hal_adc.o
                0x08001a28                HAL_ADC_Init
 .text.HAL_ADC_IRQHandler
                0x08001aae      0x220 ./Drivers/STM32F4xx_HAL_Driver/Src/stm32f4xx_hal_adc.o
                0x08001aae                HAL_ADC_IRQHandler
 .text.HAL_ADC_ConvCpltCallback
                0x08001cce       0x14 ./Drivers/STM32F4xx_HAL_Driver/Src/stm32f4xx_hal_adc.o
                0x08001cce                HAL_ADC_ConvCpltCallback
 .text.HAL_ADC_LevelOutOfWindowCallback
                0x08001ce2       0x14 ./Drivers/STM32F4xx_HAL_Driver/Src/stm32f4xx_hal_adc.o
                0x08001ce2                HAL_ADC_LevelOutOfWindowCallback
 .text.HAL_ADC_ErrorCallback
                0x08001cf6       0x14 ./Drivers/STM32F4xx_HAL_Driver/Src/stm32f4xx_hal_adc.o
                0x08001cf6                HAL_ADC_ErrorCallback
 *fill*         0x08001d0a        0x2 
 .text.HAL_ADC_ConfigChannel
                0x08001d0c      0x244 ./Drivers/STM32F4xx_HAL_Driver/Src/stm32f4xx_hal_adc.o
                0x08001d0c                HAL_ADC_ConfigChannel
 .text.HAL_ADC_AnalogWDGConfig
                0x08001f50       0xc0 ./Drivers/STM32F4xx_HAL_Driver/Src/stm32f4xx_hal_adc.o
                0x08001f50                HAL_ADC_AnalogWDGConfig
 .text.ADC_Init
                0x08002010      0x1f8 ./Drivers/STM32F4xx_HAL_Driver/Src/stm32f4xx_hal_adc.o
 .text.HAL_ADCEx_InjectedConvCpltCallback
                0x08002208       0x14 ./Drivers/STM32F4xx_HAL_Driver/Src/stm32f4xx_hal_adc_ex.o
                0x08002208                HAL_ADCEx_InjectedConvCpltCallback
 .text.HAL_ADCEx_InjectedConfigChannel
                0x0800221c      0x32c ./Drivers/STM32F4xx_HAL_Driver/Src/stm32f4xx_hal_adc_ex.o
                0x0800221c                HAL_ADCEx_InjectedConfigChannel
 .text.__NVIC_SetPriorityGrouping
                0x08002548       0x48 ./Drivers/STM32F4xx_HAL_Driver/Src/stm32f4xx_hal_cortex.o
 .text.__NVIC_GetPriorityGrouping
                0x08002590       0x1c ./Drivers/STM32F4xx_HAL_Driver/Src/stm32f4xx_hal_cortex.o
 .text.__NVIC_EnableIRQ
                0x080025ac       0x3c ./Drivers/STM32F4xx_HAL_Driver/Src/stm32f4xx_hal_cortex.o
 .text.__NVIC_SetPriority
                0x080025e8       0x54 ./Drivers/STM32F4xx_HAL_Driver/Src/stm32f4xx_hal_cortex.o
 .text.NVIC_EncodePriority
                0x0800263c       0x66 ./Drivers/STM32F4xx_HAL_Driver/Src/stm32f4xx_hal_cortex.o
 *fill*         0x080026a2        0x2 
 .text.SysTick_Config
                0x080026a4       0x44 ./Drivers/STM32F4xx_HAL_Driver/Src/stm32f4xx_hal_cortex.o
 .text.HAL_NVIC_SetPriorityGrouping
                0x080026e8       0x16 ./Drivers/STM32F4xx_HAL_Driver/Src/stm32f4xx_hal_cortex.o
                0x080026e8                HAL_NVIC_SetPriorityGrouping
 .text.HAL_NVIC_SetPriority
                0x080026fe       0x38 ./Drivers/STM32F4xx_HAL_Driver/Src/stm32f4xx_hal_cortex.o
                0x080026fe                HAL_NVIC_SetPriority
 .text.HAL_NVIC_EnableIRQ
                0x08002736       0x1c ./Drivers/STM32F4xx_HAL_Driver/Src/stm32f4xx_hal_cortex.o
                0x08002736                HAL_NVIC_EnableIRQ
 .text.HAL_SYSTICK_Config
                0x08002752       0x18 ./Drivers/STM32F4xx_HAL_Driver/Src/stm32f4xx_hal_cortex.o
                0x08002752                HAL_SYSTICK_Config
 *fill*         0x0800276a        0x2 
 .text.HAL_DMA_Init
                0x0800276c      0x15c ./Drivers/STM32F4xx_HAL_Driver/Src/stm32f4xx_hal_dma.o
                0x0800276c                HAL_DMA_Init
 .text.HAL_DMA_Abort
                0x080028c8       0xe0 ./Drivers/STM32F4xx_HAL_Driver/Src/stm32f4xx_hal_dma.o
                0x080028c8                HAL_DMA_Abort
 .text.HAL_DMA_Abort_IT
                0x080029a8       0x44 ./Drivers/STM32F4xx_HAL_Driver/Src/stm32f4xx_hal_dma.o
                0x080029a8                HAL_DMA_Abort_IT
 .text.HAL_DMA_IRQHandler
                0x080029ec      0x314 ./Drivers/STM32F4xx_HAL_Driver/Src/stm32f4xx_hal_dma.o
                0x080029ec                HAL_DMA_IRQHandler
 .text.DMA_CalcBaseAndBitshift
                0x08002d00       0x6c ./Drivers/STM32F4xx_HAL_Driver/Src/stm32f4xx_hal_dma.o
 .text.DMA_CheckFifoParam
                0x08002d6c       0xf8 ./Drivers/STM32F4xx_HAL_Driver/Src/stm32f4xx_hal_dma.o
 .text.HAL_GPIO_Init
                0x08002e64      0x338 ./Drivers/STM32F4xx_HAL_Driver/Src/stm32f4xx_hal_gpio.o
                0x08002e64                HAL_GPIO_Init
 .text.HAL_GPIO_WritePin
                0x0800319c       0x32 ./Drivers/STM32F4xx_HAL_Driver/Src/stm32f4xx_hal_gpio.o
                0x0800319c                HAL_GPIO_WritePin
 *fill*         0x080031ce        0x2 
 .text.HAL_I2C_Init
                0x080031d0      0x288 ./Drivers/STM32F4xx_HAL_Driver/Src/stm32f4xx_hal_i2c.o
                0x080031d0                HAL_I2C_Init
 .text.HAL_I2C_Mem_Write
                0x08003458      0x1f4 ./Drivers/STM32F4xx_HAL_Driver/Src/stm32f4xx_hal_i2c.o
                0x08003458                HAL_I2C_Mem_Write
 .text.HAL_I2C_Mem_Read
                0x0800364c      0x464 ./Drivers/STM32F4xx_HAL_Driver/Src/stm32f4xx_hal_i2c.o
                0x0800364c                HAL_I2C_Mem_Read
 .text.HAL_I2C_IsDeviceReady
                0x08003ab0      0x25c ./Drivers/STM32F4xx_HAL_Driver/Src/stm32f4xx_hal_i2c.o
                0x08003ab0                HAL_I2C_IsDeviceReady
 .text.I2C_RequestMemoryWrite
                0x08003d0c      0x12c ./Drivers/STM32F4xx_HAL_Driver/Src/stm32f4xx_hal_i2c.o
 .text.I2C_RequestMemoryRead
                0x08003e38      0x1d0 ./Drivers/STM32F4xx_HAL_Driver/Src/stm32f4xx_hal_i2c.o
 .text.I2C_WaitOnFlagUntilTimeout
                0x08004008       0xf4 ./Drivers/STM32F4xx_HAL_Driver/Src/stm32f4xx_hal_i2c.o
 .text.I2C_WaitOnMasterAddressFlagUntilTimeout
                0x080040fc      0x140 ./Drivers/STM32F4xx_HAL_Driver/Src/stm32f4xx_hal_i2c.o
 .text.I2C_WaitOnTXEFlagUntilTimeout
                0x0800423c       0x90 ./Drivers/STM32F4xx_HAL_Driver/Src/stm32f4xx_hal_i2c.o
 .text.I2C_WaitOnBTFFlagUntilTimeout
                0x080042cc       0x90 ./Drivers/STM32F4xx_HAL_Driver/Src/stm32f4xx_hal_i2c.o
 .text.I2C_WaitOnRXNEFlagUntilTimeout
                0x0800435c       0xba ./Drivers/STM32F4xx_HAL_Driver/Src/stm32f4xx_hal_i2c.o
 .text.I2C_IsAcknowledgeFailed
                0x08004416       0x5e ./Drivers/STM32F4xx_HAL_Driver/Src/stm32f4xx_hal_i2c.o
 .text.HAL_RCC_OscConfig
                0x08004474      0x4f0 ./Drivers/STM32F4xx_HAL_Driver/Src/stm32f4xx_hal_rcc.o
                0x08004474                HAL_RCC_OscConfig
 .text.HAL_RCC_ClockConfig
                0x08004964      0x1cc ./Drivers/STM32F4xx_HAL_Driver/Src/stm32f4xx_hal_rcc.o
                0x08004964                HAL_RCC_ClockConfig
 .text.HAL_RCC_GetSysClockFreq
                0x08004b30      0x20c ./Drivers/STM32F4xx_HAL_Driver/Src/stm32f4xx_hal_rcc.o
                0x08004b30                HAL_RCC_GetSysClockFreq
 .text.HAL_RCC_GetHCLKFreq
                0x08004d3c       0x18 ./Drivers/STM32F4xx_HAL_Driver/Src/stm32f4xx_hal_rcc.o
                0x08004d3c                HAL_RCC_GetHCLKFreq
 .text.HAL_RCC_GetPCLK1Freq
                0x08004d54       0x28 ./Drivers/STM32F4xx_HAL_Driver/Src/stm32f4xx_hal_rcc.o
                0x08004d54                HAL_RCC_GetPCLK1Freq
 .text.HAL_RCC_GetPCLK2Freq
                0x08004d7c       0x28 ./Drivers/STM32F4xx_HAL_Driver/Src/stm32f4xx_hal_rcc.o
                0x08004d7c                HAL_RCC_GetPCLK2Freq
 .text.HAL_TIM_Base_Init
                0x08004da4       0x9e ./Drivers/STM32F4xx_HAL_Driver/Src/stm32f4xx_hal_tim.o
                0x08004da4                HAL_TIM_Base_Init
 .text.HAL_TIM_PWM_Init
                0x08004e42       0x9e ./Drivers/STM32F4xx_HAL_Driver/Src/stm32f4xx_hal_tim.o
                0x08004e42                HAL_TIM_PWM_Init
 .text.HAL_TIM_PWM_MspInit
                0x08004ee0       0x14 ./Drivers/STM32F4xx_HAL_Driver/Src/stm32f4xx_hal_tim.o
                0x08004ee0                HAL_TIM_PWM_MspInit
 .text.HAL_TIM_PWM_ConfigChannel
                0x08004ef4      0x184 ./Drivers/STM32F4xx_HAL_Driver/Src/stm32f4xx_hal_tim.o
                0x08004ef4                HAL_TIM_PWM_ConfigChannel
 .text.HAL_TIM_ConfigClockSource
                0x08005078      0x18e ./Drivers/STM32F4xx_HAL_Driver/Src/stm32f4xx_hal_tim.o
                0x08005078                HAL_TIM_ConfigClockSource
 *fill*         0x08005206        0x2 
 .text.TIM_Base_SetConfig
                0x08005208      0x14c ./Drivers/STM32F4xx_HAL_Driver/Src/stm32f4xx_hal_tim.o
                0x08005208                TIM_Base_SetConfig
 .text.TIM_OC1_SetConfig
                0x08005354       0xe0 ./Drivers/STM32F4xx_HAL_Driver/Src/stm32f4xx_hal_tim.o
 .text.TIM_OC2_SetConfig
                0x08005434       0xec ./Drivers/STM32F4xx_HAL_Driver/Src/stm32f4xx_hal_tim.o
                0x08005434                TIM_OC2_SetConfig
 .text.TIM_OC3_SetConfig
                0x08005520       0xe8 ./Drivers/STM32F4xx_HAL_Driver/Src/stm32f4xx_hal_tim.o
 .text.TIM_OC4_SetConfig
                0x08005608       0xac ./Drivers/STM32F4xx_HAL_Driver/Src/stm32f4xx_hal_tim.o
 .text.TIM_TI1_ConfigInputStage
                0x080056b4       0x5e ./Drivers/STM32F4xx_HAL_Driver/Src/stm32f4xx_hal_tim.o
 .text.TIM_TI2_ConfigInputStage
                0x08005712       0x60 ./Drivers/STM32F4xx_HAL_Driver/Src/stm32f4xx_hal_tim.o
 .text.TIM_ITRx_SetConfig
                0x08005772       0x36 ./Drivers/STM32F4xx_HAL_Driver/Src/stm32f4xx_hal_tim.o
 .text.TIM_ETR_SetConfig
                0x080057a8       0x40 ./Drivers/STM32F4xx_HAL_Driver/Src/stm32f4xx_hal_tim.o
                0x080057a8                TIM_ETR_SetConfig
 .text.HAL_TIMEx_MasterConfigSynchronization
                0x080057e8       0xf8 ./Drivers/STM32F4xx_HAL_Driver/Src/stm32f4xx_hal_tim_ex.o
                0x080057e8                HAL_TIMEx_MasterConfigSynchronization
 .text.HAL_TIMEx_ConfigBreakDeadTime
                0x080058e0       0xa4 ./Drivers/STM32F4xx_HAL_Driver/Src/stm32f4xx_hal_tim_ex.o
                0x080058e0                HAL_TIMEx_ConfigBreakDeadTime
 .text.HAL_UART_Init
                0x08005984       0xa0 ./Drivers/STM32F4xx_HAL_Driver/Src/stm32f4xx_hal_uart.o
                0x08005984                HAL_UART_Init
 .text.HAL_UART_IRQHandler
                0x08005a24      0x554 ./Drivers/STM32F4xx_HAL_Driver/Src/stm32f4xx_hal_uart.o
                0x08005a24                HAL_UART_IRQHandler
 .text.HAL_UART_TxCpltCallback
                0x08005f78       0x14 ./Drivers/STM32F4xx_HAL_Driver/Src/stm32f4xx_hal_uart.o
                0x08005f78                HAL_UART_TxCpltCallback
 .text.HAL_UART_RxCpltCallback
                0x08005f8c       0x14 ./Drivers/STM32F4xx_HAL_Driver/Src/stm32f4xx_hal_uart.o
                0x08005f8c                HAL_UART_RxCpltCallback
 .text.HAL_UART_ErrorCallback
                0x08005fa0       0x14 ./Drivers/STM32F4xx_HAL_Driver/Src/stm32f4xx_hal_uart.o
                0x08005fa0                HAL_UART_ErrorCallback
 .text.HAL_UARTEx_RxEventCallback
                0x08005fb4       0x18 ./Drivers/STM32F4xx_HAL_Driver/Src/stm32f4xx_hal_uart.o
                0x08005fb4                HAL_UARTEx_RxEventCallback
 .text.UART_EndRxTransfer
                0x08005fcc       0xc6 ./Drivers/STM32F4xx_HAL_Driver/Src/stm32f4xx_hal_uart.o
 .text.UART_DMAAbortOnError
                0x08006092       0x22 ./Drivers/STM32F4xx_HAL_Driver/Src/stm32f4xx_hal_uart.o
 .text.UART_Transmit_IT
                0x080060b4       0xa0 ./Drivers/STM32F4xx_HAL_Driver/Src/stm32f4xx_hal_uart.o
 .text.UART_EndTransmit_IT
                0x08006154       0x30 ./Drivers/STM32F4xx_HAL_Driver/Src/stm32f4xx_hal_uart.o
 .text.UART_Receive_IT
                0x08006184      0x17c ./Drivers/STM32F4xx_HAL_Driver/Src/stm32f4xx_hal_uart.o
 .text.UART_SetConfig
                0x08006300      0x4e8 ./Drivers/STM32F4xx_HAL_Driver/Src/stm32f4xx_hal_uart.o
 .text.std      0x080067e8       0x6c C:/ST/STM32CubeIDE_1.15.0/STM32CubeIDE/plugins/com.st.stm32cube.ide.mcu.externaltools.gnu-tools-for-stm32.13.3.rel1.win32_1.0.0.202411081344/tools/bin/../lib/gcc/arm-none-eabi/13.3.1/../../../../arm-none-eabi/lib/thumb/v7e-m+fp/hard\libc_nano.a(libc_a-findfp.o)
 .text.stdio_exit_handler
                0x08006854       0x18 C:/ST/STM32CubeIDE_1.15.0/STM32CubeIDE/plugins/com.st.stm32cube.ide.mcu.externaltools.gnu-tools-for-stm32.13.3.rel1.win32_1.0.0.202411081344/tools/bin/../lib/gcc/arm-none-eabi/13.3.1/../../../../arm-none-eabi/lib/thumb/v7e-m+fp/hard\libc_nano.a(libc_a-findfp.o)
 .text.cleanup_stdio
                0x0800686c       0x40 C:/ST/STM32CubeIDE_1.15.0/STM32CubeIDE/plugins/com.st.stm32cube.ide.mcu.externaltools.gnu-tools-for-stm32.13.3.rel1.win32_1.0.0.202411081344/tools/bin/../lib/gcc/arm-none-eabi/13.3.1/../../../../arm-none-eabi/lib/thumb/v7e-m+fp/hard\libc_nano.a(libc_a-findfp.o)
 .text.global_stdio_init.part.0
                0x080068ac       0x3c C:/ST/STM32CubeIDE_1.15.0/STM32CubeIDE/plugins/com.st.stm32cube.ide.mcu.externaltools.gnu-tools-for-stm32.13.3.rel1.win32_1.0.0.202411081344/tools/bin/../lib/gcc/arm-none-eabi/13.3.1/../../../../arm-none-eabi/lib/thumb/v7e-m+fp/hard\libc_nano.a(libc_a-findfp.o)
 .text.__sfp_lock_acquire
                0x080068e8        0xc C:/ST/STM32CubeIDE_1.15.0/STM32CubeIDE/plugins/com.st.stm32cube.ide.mcu.externaltools.gnu-tools-for-stm32.13.3.rel1.win32_1.0.0.202411081344/tools/bin/../lib/gcc/arm-none-eabi/13.3.1/../../../../arm-none-eabi/lib/thumb/v7e-m+fp/hard\libc_nano.a(libc_a-findfp.o)
                0x080068e8                __sfp_lock_acquire
 .text.__sfp_lock_release
                0x080068f4        0xc C:/ST/STM32CubeIDE_1.15.0/STM32CubeIDE/plugins/com.st.stm32cube.ide.mcu.externaltools.gnu-tools-for-stm32.13.3.rel1.win32_1.0.0.202411081344/tools/bin/../lib/gcc/arm-none-eabi/13.3.1/../../../../arm-none-eabi/lib/thumb/v7e-m+fp/hard\libc_nano.a(libc_a-findfp.o)
                0x080068f4                __sfp_lock_release
 .text.__sinit  0x08006900       0x30 C:/ST/STM32CubeIDE_1.15.0/STM32CubeIDE/plugins/com.st.stm32cube.ide.mcu.externaltools.gnu-tools-for-stm32.13.3.rel1.win32_1.0.0.202411081344/tools/bin/../lib/gcc/arm-none-eabi/13.3.1/../../../../arm-none-eabi/lib/thumb/v7e-m+fp/hard\libc_nano.a(libc_a-findfp.o)
                0x08006900                __sinit
 .text._fwalk_sglue
                0x08006930       0x3c C:/ST/STM32CubeIDE_1.15.0/STM32CubeIDE/plugins/com.st.stm32cube.ide.mcu.externaltools.gnu-tools-for-stm32.13.3.rel1.win32_1.0.0.202411081344/tools/bin/../lib/gcc/arm-none-eabi/13.3.1/../../../../arm-none-eabi/lib/thumb/v7e-m+fp/hard\libc_nano.a(libc_a-fwalk.o)
                0x08006930                _fwalk_sglue
 .text.printf   0x0800696c       0x24 C:/ST/STM32CubeIDE_1.15.0/STM32CubeIDE/plugins/com.st.stm32cube.ide.mcu.externaltools.gnu-tools-for-stm32.13.3.rel1.win32_1.0.0.202411081344/tools/bin/../lib/gcc/arm-none-eabi/13.3.1/../../../../arm-none-eabi/lib/thumb/v7e-m+fp/hard\libc_nano.a(libc_a-printf.o)
                0x0800696c                iprintf
                0x0800696c                printf
 .text._puts_r  0x08006990       0xaa C:/ST/STM32CubeIDE_1.15.0/STM32CubeIDE/plugins/com.st.stm32cube.ide.mcu.externaltools.gnu-tools-for-stm32.13.3.rel1.win32_1.0.0.202411081344/tools/bin/../lib/gcc/arm-none-eabi/13.3.1/../../../../arm-none-eabi/lib/thumb/v7e-m+fp/hard\libc_nano.a(libc_a-puts.o)
                0x08006990                _puts_r
 *fill*         0x08006a3a        0x2 
 .text.puts     0x08006a3c       0x10 C:/ST/STM32CubeIDE_1.15.0/STM32CubeIDE/plugins/com.st.stm32cube.ide.mcu.externaltools.gnu-tools-for-stm32.13.3.rel1.win32_1.0.0.202411081344/tools/bin/../lib/gcc/arm-none-eabi/13.3.1/../../../../arm-none-eabi/lib/thumb/v7e-m+fp/hard\libc_nano.a(libc_a-puts.o)
                0x08006a3c                puts
 .text.__sread  0x08006a4c       0x22 C:/ST/STM32CubeIDE_1.15.0/STM32CubeIDE/plugins/com.st.stm32cube.ide.mcu.externaltools.gnu-tools-for-stm32.13.3.rel1.win32_1.0.0.202411081344/tools/bin/../lib/gcc/arm-none-eabi/13.3.1/../../../../arm-none-eabi/lib/thumb/v7e-m+fp/hard\libc_nano.a(libc_a-stdio.o)
                0x08006a4c                __sread
 .text.__swrite
                0x08006a6e       0x38 C:/ST/STM32CubeIDE_1.15.0/STM32CubeIDE/plugins/com.st.stm32cube.ide.mcu.externaltools.gnu-tools-for-stm32.13.3.rel1.win32_1.0.0.202411081344/tools/bin/../lib/gcc/arm-none-eabi/13.3.1/../../../../arm-none-eabi/lib/thumb/v7e-m+fp/hard\libc_nano.a(libc_a-stdio.o)
                0x08006a6e                __swrite
 .text.__sseek  0x08006aa6       0x24 C:/ST/STM32CubeIDE_1.15.0/STM32CubeIDE/plugins/com.st.stm32cube.ide.mcu.externaltools.gnu-tools-for-stm32.13.3.rel1.win32_1.0.0.202411081344/tools/bin/../lib/gcc/arm-none-eabi/13.3.1/../../../../arm-none-eabi/lib/thumb/v7e-m+fp/hard\libc_nano.a(libc_a-stdio.o)
                0x08006aa6                __sseek
 .text.__sclose
                0x08006aca        0x8 C:/ST/STM32CubeIDE_1.15.0/STM32CubeIDE/plugins/com.st.stm32cube.ide.mcu.externaltools.gnu-tools-for-stm32.13.3.rel1.win32_1.0.0.202411081344/tools/bin/../lib/gcc/arm-none-eabi/13.3.1/../../../../arm-none-eabi/lib/thumb/v7e-m+fp/hard\libc_nano.a(libc_a-stdio.o)
                0x08006aca                __sclose
 .text.__swbuf_r
                0x08006ad2       0x7c C:/ST/STM32CubeIDE_1.15.0/STM32CubeIDE/plugins/com.st.stm32cube.ide.mcu.externaltools.gnu-tools-for-stm32.13.3.rel1.win32_1.0.0.202411081344/tools/bin/../lib/gcc/arm-none-eabi/13.3.1/../../../../arm-none-eabi/lib/thumb/v7e-m+fp/hard\libc_nano.a(libc_a-wbuf.o)
                0x08006ad2                __swbuf_r
 *fill*         0x08006b4e        0x2 
 .text.__swsetup_r
                0x08006b50       0xac C:/ST/STM32CubeIDE_1.15.0/STM32CubeIDE/plugins/com.st.stm32cube.ide.mcu.externaltools.gnu-tools-for-stm32.13.3.rel1.win32_1.0.0.202411081344/tools/bin/../lib/gcc/arm-none-eabi/13.3.1/../../../../arm-none-eabi/lib/thumb/v7e-m+fp/hard\libc_nano.a(libc_a-wsetup.o)
                0x08006b50                __swsetup_r
 .text.memset   0x08006bfc       0x10 C:/ST/STM32CubeIDE_1.15.0/STM32CubeIDE/plugins/com.st.stm32cube.ide.mcu.externaltools.gnu-tools-for-stm32.13.3.rel1.win32_1.0.0.202411081344/tools/bin/../lib/gcc/arm-none-eabi/13.3.1/../../../../arm-none-eabi/lib/thumb/v7e-m+fp/hard\libc_nano.a(libc_a-memset.o)
                0x08006bfc                memset
 .text._close_r
                0x08006c0c       0x20 C:/ST/STM32CubeIDE_1.15.0/STM32CubeIDE/plugins/com.st.stm32cube.ide.mcu.externaltools.gnu-tools-for-stm32.13.3.rel1.win32_1.0.0.202411081344/tools/bin/../lib/gcc/arm-none-eabi/13.3.1/../../../../arm-none-eabi/lib/thumb/v7e-m+fp/hard\libc_nano.a(libc_a-closer.o)
                0x08006c0c                _close_r
 .text._lseek_r
                0x08006c2c       0x24 C:/ST/STM32CubeIDE_1.15.0/STM32CubeIDE/plugins/com.st.stm32cube.ide.mcu.externaltools.gnu-tools-for-stm32.13.3.rel1.win32_1.0.0.202411081344/tools/bin/../lib/gcc/arm-none-eabi/13.3.1/../../../../arm-none-eabi/lib/thumb/v7e-m+fp/hard\libc_nano.a(libc_a-lseekr.o)
                0x08006c2c                _lseek_r
 .text._read_r  0x08006c50       0x24 C:/ST/STM32CubeIDE_1.15.0/STM32CubeIDE/plugins/com.st.stm32cube.ide.mcu.externaltools.gnu-tools-for-stm32.13.3.rel1.win32_1.0.0.202411081344/tools/bin/../lib/gcc/arm-none-eabi/13.3.1/../../../../arm-none-eabi/lib/thumb/v7e-m+fp/hard\libc_nano.a(libc_a-readr.o)
                0x08006c50                _read_r
 .text._write_r
                0x08006c74       0x24 C:/ST/STM32CubeIDE_1.15.0/STM32CubeIDE/plugins/com.st.stm32cube.ide.mcu.externaltools.gnu-tools-for-stm32.13.3.rel1.win32_1.0.0.202411081344/tools/bin/../lib/gcc/arm-none-eabi/13.3.1/../../../../arm-none-eabi/lib/thumb/v7e-m+fp/hard\libc_nano.a(libc_a-writer.o)
                0x08006c74                _write_r
 .text.__errno  0x08006c98        0xc C:/ST/STM32CubeIDE_1.15.0/STM32CubeIDE/plugins/com.st.stm32cube.ide.mcu.externaltools.gnu-tools-for-stm32.13.3.rel1.win32_1.0.0.202411081344/tools/bin/../lib/gcc/arm-none-eabi/13.3.1/../../../../arm-none-eabi/lib/thumb/v7e-m+fp/hard\libc_nano.a(libc_a-errno.o)
                0x08006c98                __errno
 .text.__libc_init_array
                0x08006ca4       0x48 C:/ST/STM32CubeIDE_1.15.0/STM32CubeIDE/plugins/com.st.stm32cube.ide.mcu.externaltools.gnu-tools-for-stm32.13.3.rel1.win32_1.0.0.202411081344/tools/bin/../lib/gcc/arm-none-eabi/13.3.1/../../../../arm-none-eabi/lib/thumb/v7e-m+fp/hard\libc_nano.a(libc_a-init.o)
                0x08006ca4                __libc_init_array
 .text.__retarget_lock_init_recursive
                0x08006cec        0x2 C:/ST/STM32CubeIDE_1.15.0/STM32CubeIDE/plugins/com.st.stm32cube.ide.mcu.externaltools.gnu-tools-for-stm32.13.3.rel1.win32_1.0.0.202411081344/tools/bin/../lib/gcc/arm-none-eabi/13.3.1/../../../../arm-none-eabi/lib/thumb/v7e-m+fp/hard\libc_nano.a(libc_a-lock.o)
                0x08006cec                __retarget_lock_init_recursive
 .text.__retarget_lock_acquire_recursive
                0x08006cee        0x2 C:/ST/STM32CubeIDE_1.15.0/STM32CubeIDE/plugins/com.st.stm32cube.ide.mcu.externaltools.gnu-tools-for-stm32.13.3.rel1.win32_1.0.0.202411081344/tools/bin/../lib/gcc/arm-none-eabi/13.3.1/../../../../arm-none-eabi/lib/thumb/v7e-m+fp/hard\libc_nano.a(libc_a-lock.o)
                0x08006cee                __retarget_lock_acquire_recursive
 .text.__retarget_lock_release_recursive
                0x08006cf0        0x2 C:/ST/STM32CubeIDE_1.15.0/STM32CubeIDE/plugins/com.st.stm32cube.ide.mcu.externaltools.gnu-tools-for-stm32.13.3.rel1.win32_1.0.0.202411081344/tools/bin/../lib/gcc/arm-none-eabi/13.3.1/../../../../arm-none-eabi/lib/thumb/v7e-m+fp/hard\libc_nano.a(libc_a-lock.o)
                0x08006cf0                __retarget_lock_release_recursive
 *fill*         0x08006cf2        0x2 
 .text._free_r  0x08006cf4       0x94 C:/ST/STM32CubeIDE_1.15.0/STM32CubeIDE/plugins/com.st.stm32cube.ide.mcu.externaltools.gnu-tools-for-stm32.13.3.rel1.win32_1.0.0.202411081344/tools/bin/../lib/gcc/arm-none-eabi/13.3.1/../../../../arm-none-eabi/lib/thumb/v7e-m+fp/hard\libc_nano.a(libc_a-freer.o)
                0x08006cf4                _free_r
 .text.sbrk_aligned
                0x08006d88       0x44 C:/ST/STM32CubeIDE_1.15.0/STM32CubeIDE/plugins/com.st.stm32cube.ide.mcu.externaltools.gnu-tools-for-stm32.13.3.rel1.win32_1.0.0.202411081344/tools/bin/../lib/gcc/arm-none-eabi/13.3.1/../../../../arm-none-eabi/lib/thumb/v7e-m+fp/hard\libc_nano.a(libc_a-mallocr.o)
 .text._malloc_r
                0x08006dcc      0x100 C:/ST/STM32CubeIDE_1.15.0/STM32CubeIDE/plugins/com.st.stm32cube.ide.mcu.externaltools.gnu-tools-for-stm32.13.3.rel1.win32_1.0.0.202411081344/tools/bin/../lib/gcc/arm-none-eabi/13.3.1/../../../../arm-none-eabi/lib/thumb/v7e-m+fp/hard\libc_nano.a(libc_a-mallocr.o)
                0x08006dcc                _malloc_r
 .text.__malloc_lock
                0x08006ecc        0xc C:/ST/STM32CubeIDE_1.15.0/STM32CubeIDE/plugins/com.st.stm32cube.ide.mcu.externaltools.gnu-tools-for-stm32.13.3.rel1.win32_1.0.0.202411081344/tools/bin/../lib/gcc/arm-none-eabi/13.3.1/../../../../arm-none-eabi/lib/thumb/v7e-m+fp/hard\libc_nano.a(libc_a-mlock.o)
                0x08006ecc                __malloc_lock
 .text.__malloc_unlock
                0x08006ed8        0xc C:/ST/STM32CubeIDE_1.15.0/STM32CubeIDE/plugins/com.st.stm32cube.ide.mcu.externaltools.gnu-tools-for-stm32.13.3.rel1.win32_1.0.0.202411081344/tools/bin/../lib/gcc/arm-none-eabi/13.3.1/../../../../arm-none-eabi/lib/thumb/v7e-m+fp/hard\libc_nano.a(libc_a-mlock.o)
                0x08006ed8                __malloc_unlock
 .text.__sfputc_r
                0x08006ee4       0x2e C:/ST/STM32CubeIDE_1.15.0/STM32CubeIDE/plugins/com.st.stm32cube.ide.mcu.externaltools.gnu-tools-for-stm32.13.3.rel1.win32_1.0.0.202411081344/tools/bin/../lib/gcc/arm-none-eabi/13.3.1/../../../../arm-none-eabi/lib/thumb/v7e-m+fp/hard\libc_nano.a(libc_a-nano-vfprintf.o)
 .text.__sfputs_r
                0x08006f12       0x24 C:/ST/STM32CubeIDE_1.15.0/STM32CubeIDE/plugins/com.st.stm32cube.ide.mcu.externaltools.gnu-tools-for-stm32.13.3.rel1.win32_1.0.0.202411081344/tools/bin/../lib/gcc/arm-none-eabi/13.3.1/../../../../arm-none-eabi/lib/thumb/v7e-m+fp/hard\libc_nano.a(libc_a-nano-vfprintf.o)
                0x08006f12                __sfputs_r
 *fill*         0x08006f36        0x2 
 .text._vfprintf_r
                0x08006f38      0x230 C:/ST/STM32CubeIDE_1.15.0/STM32CubeIDE/plugins/com.st.stm32cube.ide.mcu.externaltools.gnu-tools-for-stm32.13.3.rel1.win32_1.0.0.202411081344/tools/bin/../lib/gcc/arm-none-eabi/13.3.1/../../../../arm-none-eabi/lib/thumb/v7e-m+fp/hard\libc_nano.a(libc_a-nano-vfprintf.o)
                0x08006f38                _vfprintf_r
                0x08006f38                _vfiprintf_r
 .text._printf_common
                0x08007168       0xda C:/ST/STM32CubeIDE_1.15.0/STM32CubeIDE/plugins/com.st.stm32cube.ide.mcu.externaltools.gnu-tools-for-stm32.13.3.rel1.win32_1.0.0.202411081344/tools/bin/../lib/gcc/arm-none-eabi/13.3.1/../../../../arm-none-eabi/lib/thumb/v7e-m+fp/hard\libc_nano.a(libc_a-nano-vfprintf_i.o)
                0x08007168                _printf_common
 *fill*         0x08007242        0x2 
 .text._printf_i
                0x08007244      0x23c C:/ST/STM32CubeIDE_1.15.0/STM32CubeIDE/plugins/com.st.stm32cube.ide.mcu.externaltools.gnu-tools-for-stm32.13.3.rel1.win32_1.0.0.202411081344/tools/bin/../lib/gcc/arm-none-eabi/13.3.1/../../../../arm-none-eabi/lib/thumb/v7e-m+fp/hard\libc_nano.a(libc_a-nano-vfprintf_i.o)
                0x08007244                _printf_i
 .text.__sflush_r
                0x08007480      0x108 C:/ST/STM32CubeIDE_1.15.0/STM32CubeIDE/plugins/com.st.stm32cube.ide.mcu.externaltools.gnu-tools-for-stm32.13.3.rel1.win32_1.0.0.202411081344/tools/bin/../lib/gcc/arm-none-eabi/13.3.1/../../../../arm-none-eabi/lib/thumb/v7e-m+fp/hard\libc_nano.a(libc_a-fflush.o)
                0x08007480                __sflush_r
 .text._fflush_r
                0x08007588       0x50 C:/ST/STM32CubeIDE_1.15.0/STM32CubeIDE/plugins/com.st.stm32cube.ide.mcu.externaltools.gnu-tools-for-stm32.13.3.rel1.win32_1.0.0.202411081344/tools/bin/../lib/gcc/arm-none-eabi/13.3.1/../../../../arm-none-eabi/lib/thumb/v7e-m+fp/hard\libc_nano.a(libc_a-fflush.o)
                0x08007588                _fflush_r
 .text.__swhatbuf_r
                0x080075d8       0x4c C:/ST/STM32CubeIDE_1.15.0/STM32CubeIDE/plugins/com.st.stm32cube.ide.mcu.externaltools.gnu-tools-for-stm32.13.3.rel1.win32_1.0.0.202411081344/tools/bin/../lib/gcc/arm-none-eabi/13.3.1/../../../../arm-none-eabi/lib/thumb/v7e-m+fp/hard\libc_nano.a(libc_a-makebuf.o)
                0x080075d8                __swhatbuf_r
 .text.__smakebuf_r
                0x08007624       0x78 C:/ST/STM32CubeIDE_1.15.0/STM32CubeIDE/plugins/com.st.stm32cube.ide.mcu.externaltools.gnu-tools-for-stm32.13.3.rel1.win32_1.0.0.202411081344/tools/bin/../lib/gcc/arm-none-eabi/13.3.1/../../../../arm-none-eabi/lib/thumb/v7e-m+fp/hard\libc_nano.a(libc_a-makebuf.o)
                0x08007624                __smakebuf_r
 .text._fstat_r
                0x0800769c       0x24 C:/ST/STM32CubeIDE_1.15.0/STM32CubeIDE/plugins/com.st.stm32cube.ide.mcu.externaltools.gnu-tools-for-stm32.13.3.rel1.win32_1.0.0.202411081344/tools/bin/../lib/gcc/arm-none-eabi/13.3.1/../../../../arm-none-eabi/lib/thumb/v7e-m+fp/hard\libc_nano.a(libc_a-fstatr.o)
                0x0800769c                _fstat_r
 .text._isatty_r
                0x080076c0       0x20 C:/ST/STM32CubeIDE_1.15.0/STM32CubeIDE/plugins/com.st.stm32cube.ide.mcu.externaltools.gnu-tools-for-stm32.13.3.rel1.win32_1.0.0.202411081344/tools/bin/../lib/gcc/arm-none-eabi/13.3.1/../../../../arm-none-eabi/lib/thumb/v7e-m+fp/hard\libc_nano.a(libc_a-isattyr.o)
                0x080076c0                _isatty_r
 .text._sbrk_r  0x080076e0       0x20 C:/ST/STM32CubeIDE_1.15.0/STM32CubeIDE/plugins/com.st.stm32cube.ide.mcu.externaltools.gnu-tools-for-stm32.13.3.rel1.win32_1.0.0.202411081344/tools/bin/../lib/gcc/arm-none-eabi/13.3.1/../../../../arm-none-eabi/lib/thumb/v7e-m+fp/hard\libc_nano.a(libc_a-sbrkr.o)
                0x080076e0                _sbrk_r
 *(.glue_7)
 .glue_7        0x08007700        0x0 linker stubs
 *(.glue_7t)
 .glue_7t       0x08007700        0x0 linker stubs
 *(.eh_frame)
 .eh_frame      0x08007700        0x0 C:/ST/STM32CubeIDE_1.15.0/STM32CubeIDE/plugins/com.st.stm32cube.ide.mcu.externaltools.gnu-tools-for-stm32.13.3.rel1.win32_1.0.0.202411081344/tools/bin/../lib/gcc/arm-none-eabi/13.3.1/thumb/v7e-m+fp/hard/crtbegin.o
 *(.init)
 .init          0x08007700        0x4 C:/ST/STM32CubeIDE_1.15.0/STM32CubeIDE/plugins/com.st.stm32cube.ide.mcu.externaltools.gnu-tools-for-stm32.13.3.rel1.win32_1.0.0.202411081344/tools/bin/../lib/gcc/arm-none-eabi/13.3.1/thumb/v7e-m+fp/hard/crti.o
                0x08007700                _init
 .init          0x08007704        0x8 C:/ST/STM32CubeIDE_1.15.0/STM32CubeIDE/plugins/com.st.stm32cube.ide.mcu.externaltools.gnu-tools-for-stm32.13.3.rel1.win32_1.0.0.202411081344/tools/bin/../lib/gcc/arm-none-eabi/13.3.1/thumb/v7e-m+fp/hard/crtn.o
 *(.fini)
 .fini          0x0800770c        0x4 C:/ST/STM32CubeIDE_1.15.0/STM32CubeIDE/plugins/com.st.stm32cube.ide.mcu.externaltools.gnu-tools-for-stm32.13.3.rel1.win32_1.0.0.202411081344/tools/bin/../lib/gcc/arm-none-eabi/13.3.1/thumb/v7e-m+fp/hard/crti.o
                0x0800770c                _fini
 .fini          0x08007710        0x8 C:/ST/STM32CubeIDE_1.15.0/STM32CubeIDE/plugins/com.st.stm32cube.ide.mcu.externaltools.gnu-tools-for-stm32.13.3.rel1.win32_1.0.0.202411081344/tools/bin/../lib/gcc/arm-none-eabi/13.3.1/thumb/v7e-m+fp/hard/crtn.o
                0x08007718                        . = ALIGN (0x4)
                0x08007718                        _etext = .

.vfp11_veneer   0x08007718        0x0
 .vfp11_veneer  0x08007718        0x0 linker stubs

.v4_bx          0x08007718        0x0
 .v4_bx         0x08007718        0x0 linker stubs

.iplt           0x08007718        0x0
 .iplt          0x08007718        0x0 C:/ST/STM32CubeIDE_1.15.0/STM32CubeIDE/plugins/com.st.stm32cube.ide.mcu.externaltools.gnu-tools-for-stm32.13.3.rel1.win32_1.0.0.202411081344/tools/bin/../lib/gcc/arm-none-eabi/13.3.1/thumb/v7e-m+fp/hard/crtbegin.o

.rodata         0x08007718      0x440
                0x08007718                        . = ALIGN (0x4)
 *(.rodata)
 .rodata        0x08007718      0x2f3 ./Core/Src/i2ccomm.o
 *fill*         0x08007a0b        0x1 
 .rodata        0x08007a0c       0xf8 ./Core/Src/main.o
 *(.rodata*)
 .rodata.AHBPrescTable
                0x08007b04       0x10 ./Core/Src/system_stm32f4xx.o
                0x08007b04                AHBPrescTable
 .rodata.APBPrescTable
                0x08007b14        0x8 ./Core/Src/system_stm32f4xx.o
                0x08007b14                APBPrescTable
 .rodata.flagBitshiftOffset.0
                0x08007b1c        0x8 ./Drivers/STM32F4xx_HAL_Driver/Src/stm32f4xx_hal_dma.o
 .rodata._vfprintf_r.str1.1
                0x08007b24       0x33 C:/ST/STM32CubeIDE_1.15.0/STM32CubeIDE/plugins/com.st.stm32cube.ide.mcu.externaltools.gnu-tools-for-stm32.13.3.rel1.win32_1.0.0.202411081344/tools/bin/../lib/gcc/arm-none-eabi/13.3.1/../../../../arm-none-eabi/lib/thumb/v7e-m+fp/hard\libc_nano.a(libc_a-nano-vfprintf.o)
                                 0x11 (size before relaxing)
 .rodata._printf_i.str1.1
                0x08007b57       0x22 C:/ST/STM32CubeIDE_1.15.0/STM32CubeIDE/plugins/com.st.stm32cube.ide.mcu.externaltools.gnu-tools-for-stm32.13.3.rel1.win32_1.0.0.202411081344/tools/bin/../lib/gcc/arm-none-eabi/13.3.1/../../../../arm-none-eabi/lib/thumb/v7e-m+fp/hard\libc_nano.a(libc_a-nano-vfprintf_i.o)
                0x08007b7c                        . = ALIGN (0x4)
 *fill*         0x08007b57        0x1 

.ARM.extab      0x08007b58        0x0
                0x08007b58                        . = ALIGN (0x4)
 *(.ARM.extab* .gnu.linkonce.armextab.*)
                0x08007b58                        . = ALIGN (0x4)

.ARM            0x08007b58        0x8
                0x08007b58                        . = ALIGN (0x4)
                0x08007b58                        __exidx_start = .
 *(.ARM.exidx*)
 .ARM.exidx     0x08007b58        0x8 C:/ST/STM32CubeIDE_1.15.0/STM32CubeIDE/plugins/com.st.stm32cube.ide.mcu.externaltools.gnu-tools-for-stm32.13.3.rel1.win32_1.0.0.202411081344/tools/bin/../lib/gcc/arm-none-eabi/13.3.1/../../../../arm-none-eabi/lib/thumb/v7e-m+fp/hard\libc_nano.a(libc_a-memchr.o)
 .ARM.exidx     0x08007b60        0x0 C:/ST/STM32CubeIDE_1.15.0/STM32CubeIDE/plugins/com.st.stm32cube.ide.mcu.externaltools.gnu-tools-for-stm32.13.3.rel1.win32_1.0.0.202411081344/tools/bin/../lib/gcc/arm-none-eabi/13.3.1/thumb/v7e-m+fp/hard\libgcc.a(_udivmoddi4.o)
                                  0x8 (size before relaxing)
                0x08007b60                        __exidx_end = .
                0x08007b60                        . = ALIGN (0x4)

.preinit_array  0x08007b60        0x0
                0x08007b60                        . = ALIGN (0x4)
                0x08007b60                        PROVIDE (__preinit_array_start = .)
 *(.preinit_array*)
                0x08007b60                        PROVIDE (__preinit_array_end = .)
                0x08007b60                        . = ALIGN (0x4)

.init_array     0x08007b60        0x4
                0x08007b60                        . = ALIGN (0x4)
                0x08007b60                        PROVIDE (__init_array_start = .)
 *(SORT_BY_NAME(.init_array.*))
 *(.init_array*)
 .init_array    0x08007b60        0x4 C:/ST/STM32CubeIDE_1.15.0/STM32CubeIDE/plugins/com.st.stm32cube.ide.mcu.externaltools.gnu-tools-for-stm32.13.3.rel1.win32_1.0.0.202411081344/tools/bin/../lib/gcc/arm-none-eabi/13.3.1/thumb/v7e-m+fp/hard/crtbegin.o
                0x08007b64                        PROVIDE (__init_array_end = .)
                0x08007b64                        . = ALIGN (0x4)

.fini_array     0x08007b64        0x4
                0x08007b64                        . = ALIGN (0x4)
                [!provide]                        PROVIDE (__fini_array_start = .)
 *(SORT_BY_NAME(.fini_array.*))
 *(.fini_array*)
 .fini_array    0x08007b64        0x4 C:/ST/STM32CubeIDE_1.15.0/STM32CubeIDE/plugins/com.st.stm32cube.ide.mcu.externaltools.gnu-tools-for-stm32.13.3.rel1.win32_1.0.0.202411081344/tools/bin/../lib/gcc/arm-none-eabi/13.3.1/thumb/v7e-m+fp/hard/crtbegin.o
                [!provide]                        PROVIDE (__fini_array_end = .)
                0x08007b68                        . = ALIGN (0x4)
                0x08007b68                        _sidata = LOADADDR (.data)

.rel.dyn        0x08007b68        0x0
 .rel.iplt      0x08007b68        0x0 C:/ST/STM32CubeIDE_1.15.0/STM32CubeIDE/plugins/com.st.stm32cube.ide.mcu.externaltools.gnu-tools-for-stm32.13.3.rel1.win32_1.0.0.202411081344/tools/bin/../lib/gcc/arm-none-eabi/13.3.1/thumb/v7e-m+fp/hard/crtbegin.o

.data           0x20000000       0x6c load address 0x08007b68
                0x20000000                        . = ALIGN (0x4)
                0x20000000                        _sdata = .
 *(.data)
 *(.data*)
 .data.Timeout  0x20000000        0x4 ./Core/Src/i2ccomm.o
                0x20000000                Timeout
 .data.SystemCoreClock
                0x20000004        0x4 ./Core/Src/system_stm32f4xx.o
                0x20000004                SystemCoreClock
 .data.uwTickPrio
                0x20000008        0x4 ./Drivers/STM32F4xx_HAL_Driver/Src/stm32f4xx_hal.o
                0x20000008                uwTickPrio
 .data.uwTickFreq
                0x2000000c        0x1 ./Drivers/STM32F4xx_HAL_Driver/Src/stm32f4xx_hal.o
                0x2000000c                uwTickFreq
 *fill*         0x2000000d        0x3 
 .data.__sglue  0x20000010        0xc C:/ST/STM32CubeIDE_1.15.0/STM32CubeIDE/plugins/com.st.stm32cube.ide.mcu.externaltools.gnu-tools-for-stm32.13.3.rel1.win32_1.0.0.202411081344/tools/bin/../lib/gcc/arm-none-eabi/13.3.1/../../../../arm-none-eabi/lib/thumb/v7e-m+fp/hard\libc_nano.a(libc_a-findfp.o)
                0x20000010                __sglue
 .data._impure_ptr
                0x2000001c        0x4 C:/ST/STM32CubeIDE_1.15.0/STM32CubeIDE/plugins/com.st.stm32cube.ide.mcu.externaltools.gnu-tools-for-stm32.13.3.rel1.win32_1.0.0.202411081344/tools/bin/../lib/gcc/arm-none-eabi/13.3.1/../../../../arm-none-eabi/lib/thumb/v7e-m+fp/hard\libc_nano.a(libc_a-impure.o)
                0x2000001c                _impure_ptr
 .data._impure_data
                0x20000020       0x4c C:/ST/STM32CubeIDE_1.15.0/STM32CubeIDE/plugins/com.st.stm32cube.ide.mcu.externaltools.gnu-tools-for-stm32.13.3.rel1.win32_1.0.0.202411081344/tools/bin/../lib/gcc/arm-none-eabi/13.3.1/../../../../arm-none-eabi/lib/thumb/v7e-m+fp/hard\libc_nano.a(libc_a-impure.o)
                0x20000020                _impure_data
 *(.RamFunc)
 *(.RamFunc*)
                0x2000006c                        . = ALIGN (0x4)
                0x2000006c                        _edata = .
                0x08007bd4                        _siccmram = LOADADDR (.ccmram)

.igot.plt       0x2000006c        0x0 load address 0x08007bd4
 .igot.plt      0x2000006c        0x0 C:/ST/STM32CubeIDE_1.15.0/STM32CubeIDE/plugins/com.st.stm32cube.ide.mcu.externaltools.gnu-tools-for-stm32.13.3.rel1.win32_1.0.0.202411081344/tools/bin/../lib/gcc/arm-none-eabi/13.3.1/thumb/v7e-m+fp/hard/crtbegin.o

.ccmram         0x10000000        0x0 load address 0x08007bd4
                0x10000000                        . = ALIGN (0x4)
                0x10000000                        _sccmram = .
 *(.ccmram)
 *(.ccmram*)
                0x10000000                        . = ALIGN (0x4)
                0x10000000                        _eccmram = .
                0x10000000                        . = ALIGN (0x4)

.bss            0x2000006c      0x368
                0x2000006c                        _sbss = .
                0x2000006c                        __bss_start__ = _sbss
 *(.bss)
 .bss           0x2000006c       0x1c C:/ST/STM32CubeIDE_1.15.0/STM32CubeIDE/plugins/com.st.stm32cube.ide.mcu.externaltools.gnu-tools-for-stm32.13.3.rel1.win32_1.0.0.202411081344/tools/bin/../lib/gcc/arm-none-eabi/13.3.1/thumb/v7e-m+fp/hard/crtbegin.o
 *(.bss*)
 .bss.ina226_sensor
                0x20000088       0x1c ./Core/Src/main.o
                0x20000088                ina226_sensor
 .bss.hadc1     0x200000a4       0x48 ./Core/Src/main.o
                0x200000a4                hadc1
 .bss.hdma_adc1
                0x200000ec       0x60 ./Core/Src/main.o
                0x200000ec                hdma_adc1
 .bss.hi2c1     0x2000014c       0x54 ./Core/Src/main.o
                0x2000014c                hi2c1
 .bss.htim1     0x200001a0       0x48 ./Core/Src/main.o
                0x200001a0                htim1
 .bss.htim2     0x200001e8       0x48 ./Core/Src/main.o
                0x200001e8                htim2
 .bss.huart2    0x20000230       0x48 ./Core/Src/main.o
                0x20000230                huart2
 .bss.Vol_Curr_Readings
                0x20000278        0x8 ./Core/Src/main.o
                0x20000278                Vol_Curr_Readings
 .bss.__sbrk_heap_end
                0x20000280        0x4 ./Core/Src/sysmem.o
 .bss.uwTick    0x20000284        0x4 ./Drivers/STM32F4xx_HAL_Driver/Src/stm32f4xx_hal.o
                0x20000284                uwTick
 .bss.__sf      0x20000288      0x138 C:/ST/STM32CubeIDE_1.15.0/STM32CubeIDE/plugins/com.st.stm32cube.ide.mcu.externaltools.gnu-tools-for-stm32.13.3.rel1.win32_1.0.0.202411081344/tools/bin/../lib/gcc/arm-none-eabi/13.3.1/../../../../arm-none-eabi/lib/thumb/v7e-m+fp/hard\libc_nano.a(libc_a-findfp.o)
                0x20000288                __sf
 .bss.__stdio_exit_handler
                0x200003c0        0x4 C:/ST/STM32CubeIDE_1.15.0/STM32CubeIDE/plugins/com.st.stm32cube.ide.mcu.externaltools.gnu-tools-for-stm32.13.3.rel1.win32_1.0.0.202411081344/tools/bin/../lib/gcc/arm-none-eabi/13.3.1/../../../../arm-none-eabi/lib/thumb/v7e-m+fp/hard\libc_nano.a(libc_a-findfp.o)
                0x200003c0                __stdio_exit_handler
 .bss.errno     0x200003c4        0x4 C:/ST/STM32CubeIDE_1.15.0/STM32CubeIDE/plugins/com.st.stm32cube.ide.mcu.externaltools.gnu-tools-for-stm32.13.3.rel1.win32_1.0.0.202411081344/tools/bin/../lib/gcc/arm-none-eabi/13.3.1/../../../../arm-none-eabi/lib/thumb/v7e-m+fp/hard\libc_nano.a(libc_a-reent.o)
                0x200003c4                errno
 .bss.__lock___malloc_recursive_mutex
                0x200003c8        0x1 C:/ST/STM32CubeIDE_1.15.0/STM32CubeIDE/plugins/com.st.stm32cube.ide.mcu.externaltools.gnu-tools-for-stm32.13.3.rel1.win32_1.0.0.202411081344/tools/bin/../lib/gcc/arm-none-eabi/13.3.1/../../../../arm-none-eabi/lib/thumb/v7e-m+fp/hard\libc_nano.a(libc_a-lock.o)
                0x200003c8                __lock___malloc_recursive_mutex
 .bss.__lock___sfp_recursive_mutex
                0x200003c9        0x1 C:/ST/STM32CubeIDE_1.15.0/STM32CubeIDE/plugins/com.st.stm32cube.ide.mcu.externaltools.gnu-tools-for-stm32.13.3.rel1.win32_1.0.0.202411081344/tools/bin/../lib/gcc/arm-none-eabi/13.3.1/../../../../arm-none-eabi/lib/thumb/v7e-m+fp/hard\libc_nano.a(libc_a-lock.o)
                0x200003c9                __lock___sfp_recursive_mutex
 *fill*         0x200003ca        0x2 
 .bss.__malloc_sbrk_start
                0x200003cc        0x4 C:/ST/STM32CubeIDE_1.15.0/STM32CubeIDE/plugins/com.st.stm32cube.ide.mcu.externaltools.gnu-tools-for-stm32.13.3.rel1.win32_1.0.0.202411081344/tools/bin/../lib/gcc/arm-none-eabi/13.3.1/../../../../arm-none-eabi/lib/thumb/v7e-m+fp/hard\libc_nano.a(libc_a-mallocr.o)
                0x200003cc                __malloc_sbrk_start
 .bss.__malloc_free_list
                0x200003d0        0x4 C:/ST/STM32CubeIDE_1.15.0/STM32CubeIDE/plugins/com.st.stm32cube.ide.mcu.externaltools.gnu-tools-for-stm32.13.3.rel1.win32_1.0.0.202411081344/tools/bin/../lib/gcc/arm-none-eabi/13.3.1/../../../../arm-none-eabi/lib/thumb/v7e-m+fp/hard\libc_nano.a(libc_a-mallocr.o)
                0x200003d0                __malloc_free_list
 *(COMMON)
                0x200003d4                        . = ALIGN (0x4)
                0x200003d4                        _ebss = .
                0x200003d4                        __bss_end__ = _ebss

._user_heap_stack
                0x200003d4      0x604
                0x200003d8                        . = ALIGN (0x8)
 *fill*         0x200003d4        0x4 
                [!provide]                        PROVIDE (end = .)
                0x200003d8                        PROVIDE (_end = .)
                0x200005d8                        . = (. + _Min_Heap_Size)
 *fill*         0x200003d8      0x200 
                0x200009d8                        . = (. + _Min_Stack_Size)
 *fill*         0x200005d8      0x400 
                0x200009d8                        . = ALIGN (0x8)

/DISCARD/
 libc.a(*)
 libm.a(*)
 libgcc.a(*)

.ARM.attributes
                0x00000000       0x30
 *(.ARM.attributes)
 .ARM.attributes
                0x00000000       0x22 C:/ST/STM32CubeIDE_1.15.0/STM32CubeIDE/plugins/com.st.stm32cube.ide.mcu.externaltools.gnu-tools-for-stm32.13.3.rel1.win32_1.0.0.202411081344/tools/bin/../lib/gcc/arm-none-eabi/13.3.1/thumb/v7e-m+fp/hard/crti.o
 .ARM.attributes
                0x00000022       0x34 C:/ST/STM32CubeIDE_1.15.0/STM32CubeIDE/plugins/com.st.stm32cube.ide.mcu.externaltools.gnu-tools-for-stm32.13.3.rel1.win32_1.0.0.202411081344/tools/bin/../lib/gcc/arm-none-eabi/13.3.1/thumb/v7e-m+fp/hard/crtbegin.o
 .ARM.attributes
                0x00000056       0x34 ./Core/Src/i2ccomm.o
 .ARM.attributes
                0x0000008a       0x34 ./Core/Src/ina226.o
 .ARM.attributes
                0x000000be       0x34 ./Core/Src/main.o
 .ARM.attributes
                0x000000f2       0x34 ./Core/Src/stm32f4xx_hal_msp.o
 .ARM.attributes
                0x00000126       0x34 ./Core/Src/stm32f4xx_it.o
 .ARM.attributes
                0x0000015a       0x34 ./Core/Src/syscalls.o
 .ARM.attributes
                0x0000018e       0x34 ./Core/Src/sysmem.o
 .ARM.attributes
                0x000001c2       0x34 ./Core/Src/system_stm32f4xx.o
 .ARM.attributes
                0x000001f6       0x21 ./Core/Startup/startup_stm32f407vgtx.o
 .ARM.attributes
                0x00000217       0x34 ./Drivers/STM32F4xx_HAL_Driver/Src/stm32f4xx_hal.o
 .ARM.attributes
                0x0000024b       0x34 ./Drivers/STM32F4xx_HAL_Driver/Src/stm32f4xx_hal_adc.o
 .ARM.attributes
                0x0000027f       0x34 ./Drivers/STM32F4xx_HAL_Driver/Src/stm32f4xx_hal_adc_ex.o
 .ARM.attributes
                0x000002b3       0x34 ./Drivers/STM32F4xx_HAL_Driver/Src/stm32f4xx_hal_cortex.o
 .ARM.attributes
                0x000002e7       0x34 ./Drivers/STM32F4xx_HAL_Driver/Src/stm32f4xx_hal_dma.o
 .ARM.attributes
                0x0000031b       0x34 ./Drivers/STM32F4xx_HAL_Driver/Src/stm32f4xx_hal_gpio.o
 .ARM.attributes
                0x0000034f       0x34 ./Drivers/STM32F4xx_HAL_Driver/Src/stm32f4xx_hal_i2c.o
 .ARM.attributes
                0x00000383       0x34 ./Drivers/STM32F4xx_HAL_Driver/Src/stm32f4xx_hal_rcc.o
 .ARM.attributes
                0x000003b7       0x34 ./Drivers/STM32F4xx_HAL_Driver/Src/stm32f4xx_hal_tim.o
 .ARM.attributes
                0x000003eb       0x34 ./Drivers/STM32F4xx_HAL_Driver/Src/stm32f4xx_hal_tim_ex.o
 .ARM.attributes
                0x0000041f       0x34 ./Drivers/STM32F4xx_HAL_Driver/Src/stm32f4xx_hal_uart.o
 .ARM.attributes
                0x00000453       0x34 C:/ST/STM32CubeIDE_1.15.0/STM32CubeIDE/plugins/com.st.stm32cube.ide.mcu.externaltools.gnu-tools-for-stm32.13.3.rel1.win32_1.0.0.202411081344/tools/bin/../lib/gcc/arm-none-eabi/13.3.1/../../../../arm-none-eabi/lib/thumb/v7e-m+fp/hard\libc_nano.a(libc_a-findfp.o)
 .ARM.attributes
                0x00000487       0x34 C:/ST/STM32CubeIDE_1.15.0/STM32CubeIDE/plugins/com.st.stm32cube.ide.mcu.externaltools.gnu-tools-for-stm32.13.3.rel1.win32_1.0.0.202411081344/tools/bin/../lib/gcc/arm-none-eabi/13.3.1/../../../../arm-none-eabi/lib/thumb/v7e-m+fp/hard\libc_nano.a(libc_a-fwalk.o)
 .ARM.attributes
                0x000004bb       0x34 C:/ST/STM32CubeIDE_1.15.0/STM32CubeIDE/plugins/com.st.stm32cube.ide.mcu.externaltools.gnu-tools-for-stm32.13.3.rel1.win32_1.0.0.202411081344/tools/bin/../lib/gcc/arm-none-eabi/13.3.1/../../../../arm-none-eabi/lib/thumb/v7e-m+fp/hard\libc_nano.a(libc_a-printf.o)
 .ARM.attributes
                0x000004ef       0x34 C:/ST/STM32CubeIDE_1.15.0/STM32CubeIDE/plugins/com.st.stm32cube.ide.mcu.externaltools.gnu-tools-for-stm32.13.3.rel1.win32_1.0.0.202411081344/tools/bin/../lib/gcc/arm-none-eabi/13.3.1/../../../../arm-none-eabi/lib/thumb/v7e-m+fp/hard\libc_nano.a(libc_a-puts.o)
 .ARM.attributes
                0x00000523       0x34 C:/ST/STM32CubeIDE_1.15.0/STM32CubeIDE/plugins/com.st.stm32cube.ide.mcu.externaltools.gnu-tools-for-stm32.13.3.rel1.win32_1.0.0.202411081344/tools/bin/../lib/gcc/arm-none-eabi/13.3.1/../../../../arm-none-eabi/lib/thumb/v7e-m+fp/hard\libc_nano.a(libc_a-stdio.o)
 .ARM.attributes
                0x00000557       0x34 C:/ST/STM32CubeIDE_1.15.0/STM32CubeIDE/plugins/com.st.stm32cube.ide.mcu.externaltools.gnu-tools-for-stm32.13.3.rel1.win32_1.0.0.202411081344/tools/bin/../lib/gcc/arm-none-eabi/13.3.1/../../../../arm-none-eabi/lib/thumb/v7e-m+fp/hard\libc_nano.a(libc_a-wbuf.o)
 .ARM.attributes
                0x0000058b       0x34 C:/ST/STM32CubeIDE_1.15.0/STM32CubeIDE/plugins/com.st.stm32cube.ide.mcu.externaltools.gnu-tools-for-stm32.13.3.rel1.win32_1.0.0.202411081344/tools/bin/../lib/gcc/arm-none-eabi/13.3.1/../../../../arm-none-eabi/lib/thumb/v7e-m+fp/hard\libc_nano.a(libc_a-wsetup.o)
 .ARM.attributes
                0x000005bf       0x34 C:/ST/STM32CubeIDE_1.15.0/STM32CubeIDE/plugins/com.st.stm32cube.ide.mcu.externaltools.gnu-tools-for-stm32.13.3.rel1.win32_1.0.0.202411081344/tools/bin/../lib/gcc/arm-none-eabi/13.3.1/../../../../arm-none-eabi/lib/thumb/v7e-m+fp/hard\libc_nano.a(libc_a-memset.o)
 .ARM.attributes
                0x000005f3       0x34 C:/ST/STM32CubeIDE_1.15.0/STM32CubeIDE/plugins/com.st.stm32cube.ide.mcu.externaltools.gnu-tools-for-stm32.13.3.rel1.win32_1.0.0.202411081344/tools/bin/../lib/gcc/arm-none-eabi/13.3.1/../../../../arm-none-eabi/lib/thumb/v7e-m+fp/hard\libc_nano.a(libc_a-closer.o)
 .ARM.attributes
                0x00000627       0x34 C:/ST/STM32CubeIDE_1.15.0/STM32CubeIDE/plugins/com.st.stm32cube.ide.mcu.externaltools.gnu-tools-for-stm32.13.3.rel1.win32_1.0.0.202411081344/tools/bin/../lib/gcc/arm-none-eabi/13.3.1/../../../../arm-none-eabi/lib/thumb/v7e-m+fp/hard\libc_nano.a(libc_a-reent.o)
 .ARM.attributes
                0x0000065b       0x34 C:/ST/STM32CubeIDE_1.15.0/STM32CubeIDE/plugins/com.st.stm32cube.ide.mcu.externaltools.gnu-tools-for-stm32.13.3.rel1.win32_1.0.0.202411081344/tools/bin/../lib/gcc/arm-none-eabi/13.3.1/../../../../arm-none-eabi/lib/thumb/v7e-m+fp/hard\libc_nano.a(libc_a-impure.o)
 .ARM.attributes
                0x0000068f       0x34 C:/ST/STM32CubeIDE_1.15.0/STM32CubeIDE/plugins/com.st.stm32cube.ide.mcu.externaltools.gnu-tools-for-stm32.13.3.rel1.win32_1.0.0.202411081344/tools/bin/../lib/gcc/arm-none-eabi/13.3.1/../../../../arm-none-eabi/lib/thumb/v7e-m+fp/hard\libc_nano.a(libc_a-lseekr.o)
 .ARM.attributes
                0x000006c3       0x34 C:/ST/STM32CubeIDE_1.15.0/STM32CubeIDE/plugins/com.st.stm32cube.ide.mcu.externaltools.gnu-tools-for-stm32.13.3.rel1.win32_1.0.0.202411081344/tools/bin/../lib/gcc/arm-none-eabi/13.3.1/../../../../arm-none-eabi/lib/thumb/v7e-m+fp/hard\libc_nano.a(libc_a-readr.o)
 .ARM.attributes
                0x000006f7       0x34 C:/ST/STM32CubeIDE_1.15.0/STM32CubeIDE/plugins/com.st.stm32cube.ide.mcu.externaltools.gnu-tools-for-stm32.13.3.rel1.win32_1.0.0.202411081344/tools/bin/../lib/gcc/arm-none-eabi/13.3.1/../../../../arm-none-eabi/lib/thumb/v7e-m+fp/hard\libc_nano.a(libc_a-writer.o)
 .ARM.attributes
                0x0000072b       0x34 C:/ST/STM32CubeIDE_1.15.0/STM32CubeIDE/plugins/com.st.stm32cube.ide.mcu.externaltools.gnu-tools-for-stm32.13.3.rel1.win32_1.0.0.202411081344/tools/bin/../lib/gcc/arm-none-eabi/13.3.1/../../../../arm-none-eabi/lib/thumb/v7e-m+fp/hard\libc_nano.a(libc_a-errno.o)
 .ARM.attributes
                0x0000075f       0x34 C:/ST/STM32CubeIDE_1.15.0/STM32CubeIDE/plugins/com.st.stm32cube.ide.mcu.externaltools.gnu-tools-for-stm32.13.3.rel1.win32_1.0.0.202411081344/tools/bin/../lib/gcc/arm-none-eabi/13.3.1/../../../../arm-none-eabi/lib/thumb/v7e-m+fp/hard\libc_nano.a(libc_a-init.o)
 .ARM.attributes
                0x00000793       0x34 C:/ST/STM32CubeIDE_1.15.0/STM32CubeIDE/plugins/com.st.stm32cube.ide.mcu.externaltools.gnu-tools-for-stm32.13.3.rel1.win32_1.0.0.202411081344/tools/bin/../lib/gcc/arm-none-eabi/13.3.1/../../../../arm-none-eabi/lib/thumb/v7e-m+fp/hard\libc_nano.a(libc_a-lock.o)
 .ARM.attributes
                0x000007c7       0x34 C:/ST/STM32CubeIDE_1.15.0/STM32CubeIDE/plugins/com.st.stm32cube.ide.mcu.externaltools.gnu-tools-for-stm32.13.3.rel1.win32_1.0.0.202411081344/tools/bin/../lib/gcc/arm-none-eabi/13.3.1/../../../../arm-none-eabi/lib/thumb/v7e-m+fp/hard\libc_nano.a(libc_a-freer.o)
 .ARM.attributes
                0x000007fb       0x34 C:/ST/STM32CubeIDE_1.15.0/STM32CubeIDE/plugins/com.st.stm32cube.ide.mcu.externaltools.gnu-tools-for-stm32.13.3.rel1.win32_1.0.0.202411081344/tools/bin/../lib/gcc/arm-none-eabi/13.3.1/../../../../arm-none-eabi/lib/thumb/v7e-m+fp/hard\libc_nano.a(libc_a-mallocr.o)
 .ARM.attributes
                0x0000082f       0x34 C:/ST/STM32CubeIDE_1.15.0/STM32CubeIDE/plugins/com.st.stm32cube.ide.mcu.externaltools.gnu-tools-for-stm32.13.3.rel1.win32_1.0.0.202411081344/tools/bin/../lib/gcc/arm-none-eabi/13.3.1/../../../../arm-none-eabi/lib/thumb/v7e-m+fp/hard\libc_nano.a(libc_a-mlock.o)
 .ARM.attributes
                0x00000863       0x34 C:/ST/STM32CubeIDE_1.15.0/STM32CubeIDE/plugins/com.st.stm32cube.ide.mcu.externaltools.gnu-tools-for-stm32.13.3.rel1.win32_1.0.0.202411081344/tools/bin/../lib/gcc/arm-none-eabi/13.3.1/../../../../arm-none-eabi/lib/thumb/v7e-m+fp/hard\libc_nano.a(libc_a-nano-vfprintf.o)
 .ARM.attributes
                0x00000897       0x34 C:/ST/STM32CubeIDE_1.15.0/STM32CubeIDE/plugins/com.st.stm32cube.ide.mcu.externaltools.gnu-tools-for-stm32.13.3.rel1.win32_1.0.0.202411081344/tools/bin/../lib/gcc/arm-none-eabi/13.3.1/../../../../arm-none-eabi/lib/thumb/v7e-m+fp/hard\libc_nano.a(libc_a-nano-vfprintf_i.o)
 .ARM.attributes
                0x000008cb       0x34 C:/ST/STM32CubeIDE_1.15.0/STM32CubeIDE/plugins/com.st.stm32cube.ide.mcu.externaltools.gnu-tools-for-stm32.13.3.rel1.win32_1.0.0.202411081344/tools/bin/../lib/gcc/arm-none-eabi/13.3.1/../../../../arm-none-eabi/lib/thumb/v7e-m+fp/hard\libc_nano.a(libc_a-fflush.o)
 .ARM.attributes
                0x000008ff       0x34 C:/ST/STM32CubeIDE_1.15.0/STM32CubeIDE/plugins/com.st.stm32cube.ide.mcu.externaltools.gnu-tools-for-stm32.13.3.rel1.win32_1.0.0.202411081344/tools/bin/../lib/gcc/arm-none-eabi/13.3.1/../../../../arm-none-eabi/lib/thumb/v7e-m+fp/hard\libc_nano.a(libc_a-makebuf.o)
 .ARM.attributes
                0x00000933       0x34 C:/ST/STM32CubeIDE_1.15.0/STM32CubeIDE/plugins/com.st.stm32cube.ide.mcu.externaltools.gnu-tools-for-stm32.13.3.rel1.win32_1.0.0.202411081344/tools/bin/../lib/gcc/arm-none-eabi/13.3.1/../../../../arm-none-eabi/lib/thumb/v7e-m+fp/hard\libc_nano.a(libc_a-fstatr.o)
 .ARM.attributes
                0x00000967       0x34 C:/ST/STM32CubeIDE_1.15.0/STM32CubeIDE/plugins/com.st.stm32cube.ide.mcu.externaltools.gnu-tools-for-stm32.13.3.rel1.win32_1.0.0.202411081344/tools/bin/../lib/gcc/arm-none-eabi/13.3.1/../../../../arm-none-eabi/lib/thumb/v7e-m+fp/hard\libc_nano.a(libc_a-isattyr.o)
 .ARM.attributes
                0x0000099b       0x34 C:/ST/STM32CubeIDE_1.15.0/STM32CubeIDE/plugins/com.st.stm32cube.ide.mcu.externaltools.gnu-tools-for-stm32.13.3.rel1.win32_1.0.0.202411081344/tools/bin/../lib/gcc/arm-none-eabi/13.3.1/../../../../arm-none-eabi/lib/thumb/v7e-m+fp/hard\libc_nano.a(libc_a-sbrkr.o)
 .ARM.attributes
                0x000009cf       0x1c C:/ST/STM32CubeIDE_1.15.0/STM32CubeIDE/plugins/com.st.stm32cube.ide.mcu.externaltools.gnu-tools-for-stm32.13.3.rel1.win32_1.0.0.202411081344/tools/bin/../lib/gcc/arm-none-eabi/13.3.1/../../../../arm-none-eabi/lib/thumb/v7e-m+fp/hard\libc_nano.a(libc_a-memchr.o)
 .ARM.attributes
                0x000009eb       0x22 C:/ST/STM32CubeIDE_1.15.0/STM32CubeIDE/plugins/com.st.stm32cube.ide.mcu.externaltools.gnu-tools-for-stm32.13.3.rel1.win32_1.0.0.202411081344/tools/bin/../lib/gcc/arm-none-eabi/13.3.1/thumb/v7e-m+fp/hard\libgcc.a(_aeabi_uldivmod.o)
 .ARM.attributes
                0x00000a0d       0x34 C:/ST/STM32CubeIDE_1.15.0/STM32CubeIDE/plugins/com.st.stm32cube.ide.mcu.externaltools.gnu-tools-for-stm32.13.3.rel1.win32_1.0.0.202411081344/tools/bin/../lib/gcc/arm-none-eabi/13.3.1/thumb/v7e-m+fp/hard\libgcc.a(_udivmoddi4.o)
 .ARM.attributes
                0x00000a41       0x22 C:/ST/STM32CubeIDE_1.15.0/STM32CubeIDE/plugins/com.st.stm32cube.ide.mcu.externaltools.gnu-tools-for-stm32.13.3.rel1.win32_1.0.0.202411081344/tools/bin/../lib/gcc/arm-none-eabi/13.3.1/thumb/v7e-m+fp/hard\libgcc.a(_dvmd_tls.o)
 .ARM.attributes
                0x00000a63       0x22 C:/ST/STM32CubeIDE_1.15.0/STM32CubeIDE/plugins/com.st.stm32cube.ide.mcu.externaltools.gnu-tools-for-stm32.13.3.rel1.win32_1.0.0.202411081344/tools/bin/../lib/gcc/arm-none-eabi/13.3.1/thumb/v7e-m+fp/hard/crtn.o
OUTPUT(I2cComm.elf elf32-littlearm)
LOAD linker stubs
LOAD C:/ST/STM32CubeIDE_1.15.0/STM32CubeIDE/plugins/com.st.stm32cube.ide.mcu.externaltools.gnu-tools-for-stm32.13.3.rel1.win32_1.0.0.202411081344/tools/bin/../lib/gcc/arm-none-eabi/13.3.1/../../../../arm-none-eabi/lib/thumb/v7e-m+fp/hard\libc.a
LOAD C:/ST/STM32CubeIDE_1.15.0/STM32CubeIDE/plugins/com.st.stm32cube.ide.mcu.externaltools.gnu-tools-for-stm32.13.3.rel1.win32_1.0.0.202411081344/tools/bin/../lib/gcc/arm-none-eabi/13.3.1/../../../../arm-none-eabi/lib/thumb/v7e-m+fp/hard\libm.a
LOAD C:/ST/STM32CubeIDE_1.15.0/STM32CubeIDE/plugins/com.st.stm32cube.ide.mcu.externaltools.gnu-tools-for-stm32.13.3.rel1.win32_1.0.0.202411081344/tools/bin/../lib/gcc/arm-none-eabi/13.3.1/thumb/v7e-m+fp/hard\libgcc.a

.debug_info     0x00000000    0x13958
 .debug_info    0x00000000      0x939 ./Core/Src/i2ccomm.o
 .debug_info    0x00000939      0x943 ./Core/Src/ina226.o
 .debug_info    0x0000127c     0x20f6 ./Core/Src/main.o
 .debug_info    0x00003372     0x1647 ./Core/Src/stm32f4xx_hal_msp.o
 .debug_info    0x000049b9      0x8ee ./Core/Src/stm32f4xx_it.o
 .debug_info    0x000052a7      0x6a3 ./Core/Src/syscalls.o
 .debug_info    0x0000594a      0x168 ./Core/Src/sysmem.o
 .debug_info    0x00005ab2      0x512 ./Core/Src/system_stm32f4xx.o
 .debug_info    0x00005fc4       0x30 ./Core/Startup/startup_stm32f407vgtx.o
 .debug_info    0x00005ff4      0x944 ./Drivers/STM32F4xx_HAL_Driver/Src/stm32f4xx_hal.o
 .debug_info    0x00006938      0xce3 ./Drivers/STM32F4xx_HAL_Driver/Src/stm32f4xx_hal_adc.o
 .debug_info    0x0000761b      0xb68 ./Drivers/STM32F4xx_HAL_Driver/Src/stm32f4xx_hal_adc_ex.o
 .debug_info    0x00008183      0xd8c ./Drivers/STM32F4xx_HAL_Driver/Src/stm32f4xx_hal_cortex.o
 .debug_info    0x00008f0f      0x8e7 ./Drivers/STM32F4xx_HAL_Driver/Src/stm32f4xx_hal_dma.o
 .debug_info    0x000097f6      0x6c3 ./Drivers/STM32F4xx_HAL_Driver/Src/stm32f4xx_hal_gpio.o
 .debug_info    0x00009eb9     0x2415 ./Drivers/STM32F4xx_HAL_Driver/Src/stm32f4xx_hal_i2c.o
 .debug_info    0x0000c2ce      0x8c3 ./Drivers/STM32F4xx_HAL_Driver/Src/stm32f4xx_hal_rcc.o
 .debug_info    0x0000cb91     0x299d ./Drivers/STM32F4xx_HAL_Driver/Src/stm32f4xx_hal_tim.o
 .debug_info    0x0000f52e     0x14db ./Drivers/STM32F4xx_HAL_Driver/Src/stm32f4xx_hal_tim_ex.o
 .debug_info    0x00010a09     0x2f4f ./Drivers/STM32F4xx_HAL_Driver/Src/stm32f4xx_hal_uart.o

.debug_abbrev   0x00000000     0x2a9d
 .debug_abbrev  0x00000000      0x229 ./Core/Src/i2ccomm.o
 .debug_abbrev  0x00000229      0x1b4 ./Core/Src/ina226.o
 .debug_abbrev  0x000003dd      0x35b ./Core/Src/main.o
 .debug_abbrev  0x00000738      0x294 ./Core/Src/stm32f4xx_hal_msp.o
 .debug_abbrev  0x000009cc      0x189 ./Core/Src/stm32f4xx_it.o
 .debug_abbrev  0x00000b55      0x1b6 ./Core/Src/syscalls.o
 .debug_abbrev  0x00000d0b       0xbc ./Core/Src/sysmem.o
 .debug_abbrev  0x00000dc7      0x11a ./Core/Src/system_stm32f4xx.o
 .debug_abbrev  0x00000ee1       0x24 ./Core/Startup/startup_stm32f407vgtx.o
 .debug_abbrev  0x00000f05      0x214 ./Drivers/STM32F4xx_HAL_Driver/Src/stm32f4xx_hal.o
 .debug_abbrev  0x00001119      0x252 ./Drivers/STM32F4xx_HAL_Driver/Src/stm32f4xx_hal_adc.o
 .debug_abbrev  0x0000136b      0x270 ./Drivers/STM32F4xx_HAL_Driver/Src/stm32f4xx_hal_adc_ex.o
 .debug_abbrev  0x000015db      0x31d ./Drivers/STM32F4xx_HAL_Driver/Src/stm32f4xx_hal_cortex.o
 .debug_abbrev  0x000018f8      0x264 ./Drivers/STM32F4xx_HAL_Driver/Src/stm32f4xx_hal_dma.o
 .debug_abbrev  0x00001b5c      0x1d4 ./Drivers/STM32F4xx_HAL_Driver/Src/stm32f4xx_hal_gpio.o
 .debug_abbrev  0x00001d30      0x2ad ./Drivers/STM32F4xx_HAL_Driver/Src/stm32f4xx_hal_i2c.o
 .debug_abbrev  0x00001fdd      0x2b7 ./Drivers/STM32F4xx_HAL_Driver/Src/stm32f4xx_hal_rcc.o
 .debug_abbrev  0x00002294      0x278 ./Drivers/STM32F4xx_HAL_Driver/Src/stm32f4xx_hal_tim.o
 .debug_abbrev  0x0000250c      0x283 ./Drivers/STM32F4xx_HAL_Driver/Src/stm32f4xx_hal_tim_ex.o
 .debug_abbrev  0x0000278f      0x30e ./Drivers/STM32F4xx_HAL_Driver/Src/stm32f4xx_hal_uart.o

.debug_aranges  0x00000000     0x11f8
 .debug_aranges
                0x00000000       0x40 ./Core/Src/i2ccomm.o
 .debug_aranges
                0x00000040       0x50 ./Core/Src/ina226.o
 .debug_aranges
                0x00000090       0x80 ./Core/Src/main.o
 .debug_aranges
                0x00000110       0x68 ./Core/Src/stm32f4xx_hal_msp.o
 .debug_aranges
                0x00000178       0x78 ./Core/Src/stm32f4xx_it.o
 .debug_aranges
                0x000001f0       0xa8 ./Core/Src/syscalls.o
 .debug_aranges
                0x00000298       0x20 ./Core/Src/sysmem.o
 .debug_aranges
                0x000002b8       0x28 ./Core/Src/system_stm32f4xx.o
 .debug_aranges
                0x000002e0       0x28 ./Core/Startup/startup_stm32f407vgtx.o
 .debug_aranges
                0x00000308       0xf0 ./Drivers/STM32F4xx_HAL_Driver/Src/stm32f4xx_hal.o
 .debug_aranges
                0x000003f8       0xe8 ./Drivers/STM32F4xx_HAL_Driver/Src/stm32f4xx_hal_adc.o
 .debug_aranges
                0x000004e0       0x90 ./Drivers/STM32F4xx_HAL_Driver/Src/stm32f4xx_hal_adc_ex.o
 .debug_aranges
                0x00000570      0x130 ./Drivers/STM32F4xx_HAL_Driver/Src/stm32f4xx_hal_cortex.o
 .debug_aranges
                0x000006a0       0x90 ./Drivers/STM32F4xx_HAL_Driver/Src/stm32f4xx_hal_dma.o
 .debug_aranges
                0x00000730       0x58 ./Drivers/STM32F4xx_HAL_Driver/Src/stm32f4xx_hal_gpio.o
 .debug_aranges
                0x00000788      0x2a8 ./Drivers/STM32F4xx_HAL_Driver/Src/stm32f4xx_hal_i2c.o
 .debug_aranges
                0x00000a30       0x88 ./Drivers/STM32F4xx_HAL_Driver/Src/stm32f4xx_hal_rcc.o
 .debug_aranges
                0x00000ab8      0x3d0 ./Drivers/STM32F4xx_HAL_Driver/Src/stm32f4xx_hal_tim.o
 .debug_aranges
                0x00000e88      0x168 ./Drivers/STM32F4xx_HAL_Driver/Src/stm32f4xx_hal_tim_ex.o
 .debug_aranges
                0x00000ff0      0x208 ./Drivers/STM32F4xx_HAL_Driver/Src/stm32f4xx_hal_uart.o

.debug_rnglists
                0x00000000      0xe2a
 .debug_rnglists
                0x00000000       0x2f ./Core/Src/i2ccomm.o
 .debug_rnglists
                0x0000002f       0x38 ./Core/Src/ina226.o
 .debug_rnglists
                0x00000067       0x61 ./Core/Src/main.o
 .debug_rnglists
                0x000000c8       0x4d ./Core/Src/stm32f4xx_hal_msp.o
 .debug_rnglists
                0x00000115       0x55 ./Core/Src/stm32f4xx_it.o
 .debug_rnglists
                0x0000016a       0x79 ./Core/Src/syscalls.o
 .debug_rnglists
                0x000001e3       0x13 ./Core/Src/sysmem.o
 .debug_rnglists
                0x000001f6       0x1a ./Core/Src/system_stm32f4xx.o
 .debug_rnglists
                0x00000210       0x19 ./Core/Startup/startup_stm32f407vgtx.o
 .debug_rnglists
                0x00000229       0xaf ./Drivers/STM32F4xx_HAL_Driver/Src/stm32f4xx_hal.o
 .debug_rnglists
                0x000002d8       0xb5 ./Drivers/STM32F4xx_HAL_Driver/Src/stm32f4xx_hal_adc.o
 .debug_rnglists
                0x0000038d       0x71 ./Drivers/STM32F4xx_HAL_Driver/Src/stm32f4xx_hal_adc_ex.o
 .debug_rnglists
                0x000003fe       0xe0 ./Drivers/STM32F4xx_HAL_Driver/Src/stm32f4xx_hal_cortex.o
 .debug_rnglists
                0x000004de       0x70 ./Drivers/STM32F4xx_HAL_Driver/Src/stm32f4xx_hal_dma.o
 .debug_rnglists
                0x0000054e       0x3f ./Drivers/STM32F4xx_HAL_Driver/Src/stm32f4xx_hal_gpio.o
 .debug_rnglists
                0x0000058d      0x23c ./Drivers/STM32F4xx_HAL_Driver/Src/stm32f4xx_hal_i2c.o
 .debug_rnglists
                0x000007c9       0x66 ./Drivers/STM32F4xx_HAL_Driver/Src/stm32f4xx_hal_rcc.o
 .debug_rnglists
                0x0000082f      0x31a ./Drivers/STM32F4xx_HAL_Driver/Src/stm32f4xx_hal_tim.o
 .debug_rnglists
                0x00000b49      0x125 ./Drivers/STM32F4xx_HAL_Driver/Src/stm32f4xx_hal_tim_ex.o
 .debug_rnglists
                0x00000c6e      0x1bc ./Drivers/STM32F4xx_HAL_Driver/Src/stm32f4xx_hal_uart.o

.debug_macro    0x00000000    0x24060
 .debug_macro   0x00000000      0x350 ./Core/Src/i2ccomm.o
 .debug_macro   0x00000350      0xad8 ./Core/Src/i2ccomm.o
 .debug_macro   0x00000e28      0x2a7 ./Core/Src/i2ccomm.o
 .debug_macro   0x000010cf       0x2e ./Core/Src/i2ccomm.o
 .debug_macro   0x000010fd       0x2f ./Core/Src/i2ccomm.o
 .debug_macro   0x0000112c       0x22 ./Core/Src/i2ccomm.o
 .debug_macro   0x0000114e       0x8e ./Core/Src/i2ccomm.o
 .debug_macro   0x000011dc       0x51 ./Core/Src/i2ccomm.o
 .debug_macro   0x0000122d      0x103 ./Core/Src/i2ccomm.o
 .debug_macro   0x00001330       0x6a ./Core/Src/i2ccomm.o
 .debug_macro   0x0000139a      0x1df ./Core/Src/i2ccomm.o
 .debug_macro   0x00001579       0x1c ./Core/Src/i2ccomm.o
 .debug_macro   0x00001595       0x22 ./Core/Src/i2ccomm.o
 .debug_macro   0x000015b7       0xfb ./Core/Src/i2ccomm.o
 .debug_macro   0x000016b2     0x1011 ./Core/Src/i2ccomm.o
 .debug_macro   0x000026c3      0x11f ./Core/Src/i2ccomm.o
 .debug_macro   0x000027e2    0x15ea5 ./Core/Src/i2ccomm.o
 .debug_macro   0x00018687       0x6d ./Core/Src/i2ccomm.o
 .debug_macro   0x000186f4     0x3693 ./Core/Src/i2ccomm.o
 .debug_macro   0x0001bd87      0x190 ./Core/Src/i2ccomm.o
 .debug_macro   0x0001bf17       0x5c ./Core/Src/i2ccomm.o
 .debug_macro   0x0001bf73      0x980 ./Core/Src/i2ccomm.o
 .debug_macro   0x0001c8f3      0x9e9 ./Core/Src/i2ccomm.o
 .debug_macro   0x0001d2dc      0x115 ./Core/Src/i2ccomm.o
 .debug_macro   0x0001d3f1      0x13e ./Core/Src/i2ccomm.o
 .debug_macro   0x0001d52f       0xa5 ./Core/Src/i2ccomm.o
 .debug_macro   0x0001d5d4      0x174 ./Core/Src/i2ccomm.o
 .debug_macro   0x0001d748      0x287 ./Core/Src/i2ccomm.o
 .debug_macro   0x0001d9cf       0x5f ./Core/Src/i2ccomm.o
 .debug_macro   0x0001da2e      0x236 ./Core/Src/i2ccomm.o
 .debug_macro   0x0001dc64      0xb5b ./Core/Src/i2ccomm.o
 .debug_macro   0x0001e7bf      0x38b ./Core/Src/i2ccomm.o
 .debug_macro   0x0001eb4a      0x176 ./Core/Src/i2ccomm.o
 .debug_macro   0x0001ecc0       0xf9 ./Core/Src/i2ccomm.o
 .debug_macro   0x0001edb9      0x12c ./Core/Src/i2ccomm.o
 .debug_macro   0x0001eee5      0x21e ./Core/Src/i2ccomm.o
 .debug_macro   0x0001f103       0x2e ./Core/Src/i2ccomm.o
 .debug_macro   0x0001f131      0x1b5 ./Core/Src/i2ccomm.o
 .debug_macro   0x0001f2e6       0xd6 ./Core/Src/i2ccomm.o
 .debug_macro   0x0001f3bc      0x127 ./Core/Src/i2ccomm.o
 .debug_macro   0x0001f4e3       0x7e ./Core/Src/i2ccomm.o
 .debug_macro   0x0001f561       0x89 ./Core/Src/i2ccomm.o
 .debug_macro   0x0001f5ea      0x8ed ./Core/Src/i2ccomm.o
 .debug_macro   0x0001fed7       0x4d ./Core/Src/i2ccomm.o
 .debug_macro   0x0001ff24      0x2aa ./Core/Src/i2ccomm.o
 .debug_macro   0x000201ce      0x12d ./Core/Src/i2ccomm.o
 .debug_macro   0x000202fb       0x61 ./Core/Src/i2ccomm.o
 .debug_macro   0x0002035c       0x2a ./Core/Src/i2ccomm.o
 .debug_macro   0x00020386       0x43 ./Core/Src/i2ccomm.o
 .debug_macro   0x000203c9       0x34 ./Core/Src/i2ccomm.o
 .debug_macro   0x000203fd       0x16 ./Core/Src/i2ccomm.o
 .debug_macro   0x00020413       0x3c ./Core/Src/i2ccomm.o
 .debug_macro   0x0002044f      0x370 ./Core/Src/i2ccomm.o
 .debug_macro   0x000207bf       0x10 ./Core/Src/i2ccomm.o
 .debug_macro   0x000207cf       0x16 ./Core/Src/i2ccomm.o
 .debug_macro   0x000207e5       0x4a ./Core/Src/i2ccomm.o
 .debug_macro   0x0002082f       0x34 ./Core/Src/i2ccomm.o
 .debug_macro   0x00020863       0x10 ./Core/Src/i2ccomm.o
 .debug_macro   0x00020873       0x58 ./Core/Src/i2ccomm.o
 .debug_macro   0x000208cb       0x8e ./Core/Src/i2ccomm.o
 .debug_macro   0x00020959       0x1c ./Core/Src/i2ccomm.o
 .debug_macro   0x00020975      0x185 ./Core/Src/i2ccomm.o
 .debug_macro   0x00020afa       0x16 ./Core/Src/i2ccomm.o
 .debug_macro   0x00020b10       0x16 ./Core/Src/i2ccomm.o
 .debug_macro   0x00020b26      0x146 ./Core/Src/i2ccomm.o
 .debug_macro   0x00020c6c       0x16 ./Core/Src/i2ccomm.o
 .debug_macro   0x00020c82       0x20 ./Core/Src/i2ccomm.o
 .debug_macro   0x00020ca2      0x2a1 ./Core/Src/ina226.o
 .debug_macro   0x00020f43       0x1c ./Core/Src/ina226.o
 .debug_macro   0x00020f5f      0x30e ./Core/Src/main.o
 .debug_macro   0x0002126d       0x10 ./Core/Src/main.o
 .debug_macro   0x0002127d      0x21a ./Core/Src/stm32f4xx_hal_msp.o
 .debug_macro   0x00021497      0x224 ./Core/Src/stm32f4xx_it.o
 .debug_macro   0x000216bb      0x274 ./Core/Src/syscalls.o
 .debug_macro   0x0002192f       0x5b ./Core/Src/syscalls.o
 .debug_macro   0x0002198a       0x94 ./Core/Src/syscalls.o
 .debug_macro   0x00021a1e       0x57 ./Core/Src/syscalls.o
 .debug_macro   0x00021a75       0x10 ./Core/Src/syscalls.o
 .debug_macro   0x00021a85       0x10 ./Core/Src/syscalls.o
 .debug_macro   0x00021a95       0x10 ./Core/Src/syscalls.o
 .debug_macro   0x00021aa5       0x10 ./Core/Src/syscalls.o
 .debug_macro   0x00021ab5       0x1c ./Core/Src/syscalls.o
 .debug_macro   0x00021ad1       0x52 ./Core/Src/syscalls.o
 .debug_macro   0x00021b23       0x22 ./Core/Src/syscalls.o
 .debug_macro   0x00021b45       0x10 ./Core/Src/syscalls.o
 .debug_macro   0x00021b55       0x52 ./Core/Src/syscalls.o
 .debug_macro   0x00021ba7       0xcf ./Core/Src/syscalls.o
 .debug_macro   0x00021c76       0x1c ./Core/Src/syscalls.o
 .debug_macro   0x00021c92       0x3d ./Core/Src/syscalls.o
 .debug_macro   0x00021ccf       0x35 ./Core/Src/syscalls.o
 .debug_macro   0x00021d04      0x12c ./Core/Src/syscalls.o
 .debug_macro   0x00021e30       0x16 ./Core/Src/syscalls.o
 .debug_macro   0x00021e46       0x16 ./Core/Src/syscalls.o
 .debug_macro   0x00021e5c       0x29 ./Core/Src/syscalls.o
 .debug_macro   0x00021e85       0x10 ./Core/Src/syscalls.o
 .debug_macro   0x00021e95      0x242 ./Core/Src/syscalls.o
 .debug_macro   0x000220d7       0x1c ./Core/Src/syscalls.o
 .debug_macro   0x000220f3       0x10 ./Core/Src/syscalls.o
 .debug_macro   0x00022103      0x18a ./Core/Src/syscalls.o
 .debug_macro   0x0002228d       0x16 ./Core/Src/syscalls.o
 .debug_macro   0x000222a3       0xce ./Core/Src/syscalls.o
 .debug_macro   0x00022371      0x112 ./Core/Src/sysmem.o
 .debug_macro   0x00022483      0x23c ./Core/Src/sysmem.o
 .debug_macro   0x000226bf      0x210 ./Core/Src/system_stm32f4xx.o
 .debug_macro   0x000228cf      0x270 ./Drivers/STM32F4xx_HAL_Driver/Src/stm32f4xx_hal.o
 .debug_macro   0x00022b3f      0x211 ./Drivers/STM32F4xx_HAL_Driver/Src/stm32f4xx_hal_adc.o
 .debug_macro   0x00022d50      0x210 ./Drivers/STM32F4xx_HAL_Driver/Src/stm32f4xx_hal_adc_ex.o
 .debug_macro   0x00022f60      0x210 ./Drivers/STM32F4xx_HAL_Driver/Src/stm32f4xx_hal_cortex.o
 .debug_macro   0x00023170      0x216 ./Drivers/STM32F4xx_HAL_Driver/Src/stm32f4xx_hal_dma.o
 .debug_macro   0x00023386      0x216 ./Drivers/STM32F4xx_HAL_Driver/Src/stm32f4xx_hal_gpio.o
 .debug_macro   0x0002359c      0x25e ./Drivers/STM32F4xx_HAL_Driver/Src/stm32f4xx_hal_i2c.o
 .debug_macro   0x000237fa      0x234 ./Drivers/STM32F4xx_HAL_Driver/Src/stm32f4xx_hal_rcc.o
 .debug_macro   0x00023a2e      0x211 ./Drivers/STM32F4xx_HAL_Driver/Src/stm32f4xx_hal_tim.o
 .debug_macro   0x00023c3f      0x210 ./Drivers/STM32F4xx_HAL_Driver/Src/stm32f4xx_hal_tim_ex.o
 .debug_macro   0x00023e4f      0x211 ./Drivers/STM32F4xx_HAL_Driver/Src/stm32f4xx_hal_uart.o

.debug_line     0x00000000    0x162ba
 .debug_line    0x00000000      0xac9 ./Core/Src/i2ccomm.o
 .debug_line    0x00000ac9      0x927 ./Core/Src/ina226.o
 .debug_line    0x000013f0      0xd5a ./Core/Src/main.o
 .debug_line    0x0000214a      0x97a ./Core/Src/stm32f4xx_hal_msp.o
 .debug_line    0x00002ac4      0x8b5 ./Core/Src/stm32f4xx_it.o
 .debug_line    0x00003379      0x8ac ./Core/Src/syscalls.o
 .debug_line    0x00003c25      0x588 ./Core/Src/sysmem.o
 .debug_line    0x000041ad      0x834 ./Core/Src/system_stm32f4xx.o
 .debug_line    0x000049e1       0x7a ./Core/Startup/startup_stm32f407vgtx.o
 .debug_line    0x00004a5b      0xab0 ./Drivers/STM32F4xx_HAL_Driver/Src/stm32f4xx_hal.o
 .debug_line    0x0000550b     0x12c7 ./Drivers/STM32F4xx_HAL_Driver/Src/stm32f4xx_hal_adc.o
 .debug_line    0x000067d2      0xefb ./Drivers/STM32F4xx_HAL_Driver/Src/stm32f4xx_hal_adc_ex.o
 .debug_line    0x000076cd      0xd80 ./Drivers/STM32F4xx_HAL_Driver/Src/stm32f4xx_hal_cortex.o
 .debug_line    0x0000844d     0x101c ./Drivers/STM32F4xx_HAL_Driver/Src/stm32f4xx_hal_dma.o
 .debug_line    0x00009469      0xc08 ./Drivers/STM32F4xx_HAL_Driver/Src/stm32f4xx_hal_gpio.o
 .debug_line    0x0000a071     0x3b5d ./Drivers/STM32F4xx_HAL_Driver/Src/stm32f4xx_hal_i2c.o
 .debug_line    0x0000dbce      0xebf ./Drivers/STM32F4xx_HAL_Driver/Src/stm32f4xx_hal_rcc.o
 .debug_line    0x0000ea8d     0x3825 ./Drivers/STM32F4xx_HAL_Driver/Src/stm32f4xx_hal_tim.o
 .debug_line    0x000122b2     0x1a10 ./Drivers/STM32F4xx_HAL_Driver/Src/stm32f4xx_hal_tim_ex.o
 .debug_line    0x00013cc2     0x25f8 ./Drivers/STM32F4xx_HAL_Driver/Src/stm32f4xx_hal_uart.o

.debug_str      0x00000000    0xdc9b0
 .debug_str     0x00000000    0xdc9b0 ./Core/Src/i2ccomm.o
                              0xd5bce (size before relaxing)
 .debug_str     0x000dc9b0    0xd2622 ./Core/Src/ina226.o
 .debug_str     0x000dc9b0    0xd6f3b ./Core/Src/main.o
 .debug_str     0x000dc9b0    0xd2fd8 ./Core/Src/stm32f4xx_hal_msp.o
 .debug_str     0x000dc9b0    0xd23ac ./Core/Src/stm32f4xx_it.o
 .debug_str     0x000dc9b0     0x99e6 ./Core/Src/syscalls.o
 .debug_str     0x000dc9b0     0x7784 ./Core/Src/sysmem.o
 .debug_str     0x000dc9b0    0xd1e43 ./Core/Src/system_stm32f4xx.o
 .debug_str     0x000dc9b0       0x86 ./Core/Startup/startup_stm32f407vgtx.o
 .debug_str     0x000dc9b0    0xd29c7 ./Drivers/STM32F4xx_HAL_Driver/Src/stm32f4xx_hal.o
 .debug_str     0x000dc9b0    0xd2430 ./Drivers/STM32F4xx_HAL_Driver/Src/stm32f4xx_hal_adc.o
 .debug_str     0x000dc9b0    0xd2484 ./Drivers/STM32F4xx_HAL_Driver/Src/stm32f4xx_hal_adc_ex.o
 .debug_str     0x000dc9b0    0xd2743 ./Drivers/STM32F4xx_HAL_Driver/Src/stm32f4xx_hal_cortex.o
 .debug_str     0x000dc9b0    0xd225d ./Drivers/STM32F4xx_HAL_Driver/Src/stm32f4xx_hal_dma.o
 .debug_str     0x000dc9b0    0xd1fbe ./Drivers/STM32F4xx_HAL_Driver/Src/stm32f4xx_hal_gpio.o
 .debug_str     0x000dc9b0    0xd2e61 ./Drivers/STM32F4xx_HAL_Driver/Src/stm32f4xx_hal_i2c.o
 .debug_str     0x000dc9b0    0xd2277 ./Drivers/STM32F4xx_HAL_Driver/Src/stm32f4xx_hal_rcc.o
 .debug_str     0x000dc9b0    0xd31cd ./Drivers/STM32F4xx_HAL_Driver/Src/stm32f4xx_hal_tim.o
 .debug_str     0x000dc9b0    0xd29d9 ./Drivers/STM32F4xx_HAL_Driver/Src/stm32f4xx_hal_tim_ex.o
 .debug_str     0x000dc9b0    0xd2858 ./Drivers/STM32F4xx_HAL_Driver/Src/stm32f4xx_hal_uart.o

.comment        0x00000000       0x43
 .comment       0x00000000       0x43 ./Core/Src/i2ccomm.o
                                 0x44 (size before relaxing)
 .comment       0x00000043       0x44 ./Core/Src/ina226.o
 .comment       0x00000043       0x44 ./Core/Src/main.o
 .comment       0x00000043       0x44 ./Core/Src/stm32f4xx_hal_msp.o
 .comment       0x00000043       0x44 ./Core/Src/stm32f4xx_it.o
 .comment       0x00000043       0x44 ./Core/Src/syscalls.o
 .comment       0x00000043       0x44 ./Core/Src/sysmem.o
 .comment       0x00000043       0x44 ./Core/Src/system_stm32f4xx.o
 .comment       0x00000043       0x44 ./Drivers/STM32F4xx_HAL_Driver/Src/stm32f4xx_hal.o
 .comment       0x00000043       0x44 ./Drivers/STM32F4xx_HAL_Driver/Src/stm32f4xx_hal_adc.o