../Core/Src/main.c:88:5:main	32	static
../Core/Src/main.c:259:6:SystemClock_Config	88	static
../Core/Src/main.c:305:13:MX_ADC1_Init	80	static
../Core/Src/main.c:404:13:MX_I2C1_Init	8	static
../Core/Src/main.c:438:13:MX_TIM1_Init	96	static
../Core/Src/main.c:513:13:MX_TIM2_Init	64	static
../Core/Src/main.c:572:13:MX_USART2_UART_Init	8	static
../Core/Src/main.c:603:13:MX_DMA_Init	16	static
../Core/Src/main.c:621:13:MX_GPIO_Init	48	static
../Core/Src/main.c:659:6:Error_Handler	4	static,ignoring_inline_asm
