11:40:23 **** Incremental Build of configuration Debug for project ADC_DMA ****
make -j12 all 
arm-none-eabi-gcc -o "ADC_DMA.elf" @"objects.list"   -mcpu=cortex-m4 -T"C:\Users\adity\Desktop\git\Matching_Network_Testing\ADC_DMA\STM32F407VGTX_FLASH.ld" --specs=nosys.specs -Wl,-Map="ADC_DMA.map" -Wl,--gc-sections -static --specs=nano.specs -mfpu=fpv4-sp-d16 -mfloat-abi=hard -mthumb -Wl,--start-group -lc -lm -Wl,--end-group
Finished building target: ADC_DMA.elf
 
arm-none-eabi-size  ADC_DMA.elf 
arm-none-eabi-objdump -h -S ADC_DMA.elf  > "ADC_DMA.list"
   text	   data	    bss	    dec	    hex	filename
  13836	    104	   2080	  16020	   3e94	ADC_DMA.elf
arm-none-eabi-objcopy  -O ihex ADC_DMA.elf  "ADC_DMA.hex"
Finished building: default.size.stdout
 
Finished building: ADC_DMA.hex
Finished building: ADC_DMA.list
 
 

11:40:24 Build Finished. 0 errors, 0 warnings. (took 821ms)

