11:21:18 **** Incremental Build of configuration Debug for project Matching_Network ****
make -j12 all 
arm-none-eabi-gcc "../Core/Src/functions.c" -mcpu=cortex-m4 -std=gnu11 -g3 -DDEBUG -DUSE_HAL_DRIVER -DSTM32F407xx -c -I../Core/Inc -I../Drivers/STM32F4xx_HAL_Driver/Inc -I../Drivers/STM32F4xx_HAL_Driver/Inc/Legacy -I../Drivers/CMSIS/Device/ST/STM32F4xx/Include -I../Drivers/CMSIS/Include -O0 -ffunction-sections -fdata-sections -Wall -fstack-usage -fcyclomatic-complexity -MMD -MP -MF"Core/Src/functions.d" -MT"Core/Src/functions.o" --specs=nano.specs -mfpu=fpv4-sp-d16 -mfloat-abi=hard -mthumb -o "Core/Src/functions.o"
arm-none-eabi-gcc "../Core/Src/main.c" -mcpu=cortex-m4 -std=gnu11 -g3 -DDEBUG -DUSE_HAL_DRIVER -DSTM32F407xx -c -I../Core/Inc -I../Drivers/STM32F4xx_HAL_Driver/Inc -I../Drivers/STM32F4xx_HAL_Driver/Inc/Legacy -I../Drivers/CMSIS/Device/ST/STM32F4xx/Include -I../Drivers/CMSIS/Include -O0 -ffunction-sections -fdata-sections -Wall -fstack-usage -fcyclomatic-complexity -MMD -MP -MF"Core/Src/main.d" -MT"Core/Src/main.o" --specs=nano.specs -mfpu=fpv4-sp-d16 -mfloat-abi=hard -mthumb -o "Core/Src/main.o"
arm-none-eabi-gcc -o "Matching_Network.elf" @"objects.list"   -mcpu=cortex-m4 -T"C:\Users\adity\Desktop\git\Matching_Network_Testing\Matching_Network\STM32F407VGTX_FLASH.ld" --specs=nosys.specs -Wl,-Map="Matching_Network.map" -Wl,--gc-sections -static --specs=nano.specs -mfpu=fpv4-sp-d16 -mfloat-abi=hard -mthumb -Wl,--start-group -lc -lm -Wl,--end-group
Finished building target: Matching_Network.elf
 
arm-none-eabi-size  Matching_Network.elf 
arm-none-eabi-objdump -h -S Matching_Network.elf  > "Matching_Network.list"
   text	   data	    bss	    dec	    hex	filename
  31568	    104	   2552	  34224	   85b0	Matching_Network.elf
arm-none-eabi-objcopy  -O ihex Matching_Network.elf  "Matching_Network.hex"
Finished building: default.size.stdout
 
Finished building: Matching_Network.hex
 
Finished building: Matching_Network.list
 
11:36:36 **** Incremental Build of configuration Debug for project Matching_Network ****
make -j12 all 
arm-none-eabi-gcc "../Core/Src/main.c" -mcpu=cortex-m4 -std=gnu11 -g3 -DDEBUG -DUSE_HAL_DRIVER -DSTM32F407xx -c -I../Core/Inc -I../Drivers/STM32F4xx_HAL_Driver/Inc -I../Drivers/STM32F4xx_HAL_Driver/Inc/Legacy -I../Drivers/CMSIS/Device/ST/STM32F4xx/Include -I../Drivers/CMSIS/Include -O0 -ffunction-sections -fdata-sections -Wall -fstack-usage -fcyclomatic-complexity -MMD -MP -MF"Core/Src/main.d" -MT"Core/Src/main.o" --specs=nano.specs -mfpu=fpv4-sp-d16 -mfloat-abi=hard -mthumb -o "Core/Src/main.o"
arm-none-eabi-gcc -o "Matching_Network.elf" @"objects.list"   -mcpu=cortex-m4 -T"C:\Users\adity\Desktop\git\Matching_Network_Testing\Matching_Network\STM32F407VGTX_FLASH.ld" --specs=nosys.specs -Wl,-Map="Matching_Network.map" -Wl,--gc-sections -static --specs=nano.specs -mfpu=fpv4-sp-d16 -mfloat-abi=hard -mthumb -Wl,--start-group -lc -lm -Wl,--end-group
Finished building target: Matching_Network.elf
 
arm-none-eabi-size  Matching_Network.elf 
arm-none-eabi-objdump -h -S Matching_Network.elf  > "Matching_Network.list"
   text	   data	    bss	    dec	    hex	filename
  31608	    104	   2552	  34264	   85d8	Matching_Network.elf
arm-none-eabi-objcopy  -O ihex Matching_Network.elf  "Matching_Network.hex"
Finished building: default.size.stdout
 
Finished building: Matching_Network.hex
 
Finished building: Matching_Network.list
 
11:50:00 **** Incremental Build of configuration Debug for project Matching_Network ****
make -j12 all 
arm-none-eabi-size  Matching_Network.elf 
   text	   data	    bss	    dec	    hex	filename
  31608	    104	   2552	  34264	   85d8	Matching_Network.elf
Finished building: default.size.stdout
 
12:00:32 **** Incremental Build of configuration Debug for project Matching_Network ****
make -j12 all 
arm-none-eabi-gcc "../Core/Src/main.c" -mcpu=cortex-m4 -std=gnu11 -g3 -DDEBUG -DUSE_HAL_DRIVER -DSTM32F407xx -c -I../Core/Inc -I../Drivers/STM32F4xx_HAL_Driver/Inc -I../Drivers/STM32F4xx_HAL_Driver/Inc/Legacy -I../Drivers/CMSIS/Device/ST/STM32F4xx/Include -I../Drivers/CMSIS/Include -O0 -ffunction-sections -fdata-sections -Wall -fstack-usage -fcyclomatic-complexity -MMD -MP -MF"Core/Src/main.d" -MT"Core/Src/main.o" --specs=nano.specs -mfpu=fpv4-sp-d16 -mfloat-abi=hard -mthumb -o "Core/Src/main.o"
arm-none-eabi-gcc "../Core/Src/uart_handler.c" -mcpu=cortex-m4 -std=gnu11 -g3 -DDEBUG -DUSE_HAL_DRIVER -DSTM32F407xx -c -I../Core/Inc -I../Drivers/STM32F4xx_HAL_Driver/Inc -I../Drivers/STM32F4xx_HAL_Driver/Inc/Legacy -I../Drivers/CMSIS/Device/ST/STM32F4xx/Include -I../Drivers/CMSIS/Include -O0 -ffunction-sections -fdata-sections -Wall -fstack-usage -fcyclomatic-complexity -MMD -MP -MF"Core/Src/uart_handler.d" -MT"Core/Src/uart_handler.o" --specs=nano.specs -mfpu=fpv4-sp-d16 -mfloat-abi=hard -mthumb -o "Core/Src/uart_handler.o"
../Core/Src/uart_handler.c: In function 'uart_get_command_buffer':
../Core/Src/uart_handler.c:35:12: warning: return discards 'volatile' qualifier from pointer target type [-Wdiscarded-qualifiers]
   35 |     return g_rx_buffer;
      |            ^~~~~~~~~~~
arm-none-eabi-gcc -o "Matching_Network.elf" @"objects.list"   -mcpu=cortex-m4 -T"C:\Users\adity\Desktop\git\Matching_Network_Testing\Matching_Network\STM32F407VGTX_FLASH.ld" --specs=nosys.specs -Wl,-Map="Matching_Network.map" -Wl,--gc-sections -static --specs=nano.specs -mfpu=fpv4-sp-d16 -mfloat-abi=hard -mthumb -Wl,--start-group -lc -lm -Wl,--end-group
Finished building target: Matching_Network.elf
 
arm-none-eabi-size  Matching_Network.elf 
arm-none-eabi-objdump -h -S Matching_Network.elf  > "Matching_Network.list"
   text	   data	    bss	    dec	    hex	filename
  31652	    104	   2552	  34308	   8604	Matching_Network.elf
arm-none-eabi-objcopy  -O ihex Matching_Network.elf  "Matching_Network.hex"
Finished building: default.size.stdout
 
Finished building: Matching_Network.hex
 
Finished building: Matching_Network.list
 
12:01:37 **** Incremental Build of configuration Debug for project Matching_Network ****
make -j12 all 
arm-none-eabi-gcc "../Core/Src/main.c" -mcpu=cortex-m4 -std=gnu11 -g3 -DDEBUG -DUSE_HAL_DRIVER -DSTM32F407xx -c -I../Core/Inc -I../Drivers/STM32F4xx_HAL_Driver/Inc -I../Drivers/STM32F4xx_HAL_Driver/Inc/Legacy -I../Drivers/CMSIS/Device/ST/STM32F4xx/Include -I../Drivers/CMSIS/Include -O0 -ffunction-sections -fdata-sections -Wall -fstack-usage -fcyclomatic-complexity -MMD -MP -MF"Core/Src/main.d" -MT"Core/Src/main.o" --specs=nano.specs -mfpu=fpv4-sp-d16 -mfloat-abi=hard -mthumb -o "Core/Src/main.o"
arm-none-eabi-gcc -o "Matching_Network.elf" @"objects.list"   -mcpu=cortex-m4 -T"C:\Users\adity\Desktop\git\Matching_Network_Testing\Matching_Network\STM32F407VGTX_FLASH.ld" --specs=nosys.specs -Wl,-Map="Matching_Network.map" -Wl,--gc-sections -static --specs=nano.specs -mfpu=fpv4-sp-d16 -mfloat-abi=hard -mthumb -Wl,--start-group -lc -lm -Wl,--end-group
Finished building target: Matching_Network.elf
 
arm-none-eabi-size  Matching_Network.elf 
arm-none-eabi-objdump -h -S Matching_Network.elf  > "Matching_Network.list"
   text	   data	    bss	    dec	    hex	filename
  31652	    108	   2548	  34308	   8604	Matching_Network.elf
arm-none-eabi-objcopy  -O ihex Matching_Network.elf  "Matching_Network.hex"
Finished building: default.size.stdout
 
Finished building: Matching_Network.hex
 
Finished building: Matching_Network.list
 
