23:18:29 **** Incremental Build of configuration Debug for project OLED ****
make -j12 all 
arm-none-eabi-gcc "../Core/Src/main.c" -mcpu=cortex-m4 -std=gnu11 -g3 -DDEBUG -DUSE_HAL_DRIVER -DSTM32F407xx -c -I../Core/Inc -I"C:/Users/adity/Desktop/git/Matching_Network_Testing/OLED/Core/Src/u8g2" -I../Drivers/STM32F4xx_HAL_Driver/Inc -I../Drivers/STM32F4xx_HAL_Driver/Inc/Legacy -I../Drivers/CMSIS/Device/ST/STM32F4xx/Include -I../Drivers/CMSIS/Include -O0 -ffunction-sections -fdata-sections -Wall -fstack-usage -fcyclomatic-complexity -MMD -MP -MF"Core/Src/main.d" -MT"Core/Src/main.o" --specs=nano.specs -mfpu=fpv4-sp-d16 -mfloat-abi=hard -mthumb -o "Core/Src/main.o"
../Core/Src/main.c: In function 'main':
../Core/Src/main.c:162:32: warning: passing argument 2 of 'HAL_UART_Receive_IT' discards 'volatile' qualifier from pointer target type [-Wdiscarded-qualifiers]
  162 |   HAL_UART_Receive_IT(&huart2, &uart_rx_byte, 1);
      |                                ^~~~~~~~~~~~~
In file included from ../Core/Inc/stm32f4xx_hal_conf.h:411,
                 from ../Drivers/STM32F4xx_HAL_Driver/Inc/stm32f4xx_hal.h:29,
                 from ../Core/Inc/main.h:30,
                 from ../Core/Src/main.c:20:
../Drivers/STM32F4xx_HAL_Driver/Inc/stm32f4xx_hal_uart.h:748:75: note: expected 'uint8_t *' {aka 'unsigned char *'} but argument is of type 'volatile uint8_t *' {aka 'volatile unsigned char *'}
  748 | HAL_StatusTypeDef HAL_UART_Receive_IT(UART_HandleTypeDef *huart, uint8_t *pData, uint16_t Size);
      |                                                                  ~~~~~~~~~^~~~~
../Core/Src/main.c:257:53: warning: implicit declaration of function 'fabsf' [-Wimplicit-function-declaration]
  257 |                 int32_t fractional_part = (int32_t)(fabsf(parameters[0] * 100.0f)) % 100;
      |                                                     ^~~~~
../Core/Src/main.c:28:1: note: include '<math.h>' or provide a declaration of 'fabsf'
   27 | #include "u8g2_stm32.h"
  +++ |+#include <math.h>
   28 | 
../Core/Src/main.c:257:53: warning: incompatible implicit declaration of built-in function 'fabsf' [-Wbuiltin-declaration-mismatch]
  257 |                 int32_t fractional_part = (int32_t)(fabsf(parameters[0] * 100.0f)) % 100;
      |                                                     ^~~~~
../Core/Src/main.c:257:53: note: include '<math.h>' or provide a declaration of 'fabsf'
../Core/Src/main.c: In function 'HAL_UART_RxCpltCallback':
../Core/Src/main.c:461:36: warning: passing argument 2 of 'HAL_UART_Receive_IT' discards 'volatile' qualifier from pointer target type [-Wdiscarded-qualifiers]
  461 |         HAL_UART_Receive_IT(huart, &uart_rx_byte, 1);
      |                                    ^~~~~~~~~~~~~
../Drivers/STM32F4xx_HAL_Driver/Inc/stm32f4xx_hal_uart.h:748:75: note: expected 'uint8_t *' {aka 'unsigned char *'} but argument is of type 'volatile uint8_t *' {aka 'volatile unsigned char *'}
  748 | HAL_StatusTypeDef HAL_UART_Receive_IT(UART_HandleTypeDef *huart, uint8_t *pData, uint16_t Size);
      |                                                                  ~~~~~~~~~^~~~~
arm-none-eabi-gcc -o "OLED.elf" @"objects.list"   -mcpu=cortex-m4 -T"C:\Users\adity\Desktop\git\Matching_Network_Testing\OLED\STM32F407VGTX_FLASH.ld" --specs=nosys.specs -Wl,-Map="OLED.map" -Wl,--gc-sections -static --specs=nano.specs -mfpu=fpv4-sp-d16 -mfloat-abi=hard -mthumb -Wl,--start-group -lc -lm -Wl,--end-group
Finished building target: OLED.elf
 
arm-none-eabi-size  OLED.elf 
arm-none-eabi-objdump -h -S OLED.elf  > "OLED.list"
   text	   data	    bss	    dec	    hex	filename
  32044	    104	   3440	  35588	   8b04	OLED.elf
arm-none-eabi-objcopy  -O ihex OLED.elf  "OLED.hex"
Finished building: default.size.stdout
 
Finished building: OLED.hex
 
Finished building: OLED.list
 
23:36:15 **** Incremental Build of configuration Debug for project OLED ****
make -j12 all 
arm-none-eabi-size  OLED.elf 
   text	   data	    bss	    dec	    hex	filename
  32044	    104	   3440	  35588	   8b04	OLED.elf
Finished building: default.size.stdout
 
