17:55:00 **** Incremental Build of configuration Debug for project ADC_DMA ****
make -j12 all 
arm-none-eabi-gcc "../Core/Src/main.c" -mcpu=cortex-m4 -std=gnu11 -g3 -DDEBUG -DUSE_HAL_DRIVER -DSTM32F407xx -c -I../Core/Inc -I../Drivers/STM32F4xx_HAL_Driver/Inc -I../Drivers/STM32F4xx_HAL_Driver/Inc/Legacy -I../Drivers/CMSIS/Device/ST/STM32F4xx/Include -I../Drivers/CMSIS/Include -O0 -ffunction-sections -fdata-sections -Wall -fstack-usage -fcyclomatic-complexity -MMD -MP -MF"Core/Src/main.d" -MT"Core/Src/main.o" --specs=nano.specs -mfpu=fpv4-sp-d16 -mfloat-abi=hard -mthumb -o "Core/Src/main.o"
../Core/Src/main.c: In function 'main':
../Core/Src/main.c:103:21: warning: unused variable 'ret2' [-Wunused-variable]
  103 |   HAL_StatusTypeDef ret2 = HAL_ADC_Start_DMA(&hadc2, (uint32_t*)&Pot2, 1);   // ADC2 → pot2
      |                     ^~~~
../Core/Src/main.c:102:21: warning: unused variable 'ret1' [-Wunused-variable]
  102 |   HAL_StatusTypeDef ret1 = HAL_ADC_Start_DMA(&hadc1, (uint32_t*)&Pot1, 1);   // ADC1 → pot1
      |                     ^~~~
arm-none-eabi-gcc -o "ADC_DMA.elf" @"objects.list"   -mcpu=cortex-m4 -T"C:\Users\AdityaSingh\Desktop\Stm32\ADC_DMA\STM32F407VGTX_FLASH.ld" --specs=nosys.specs -Wl,-Map="ADC_DMA.map" -Wl,--gc-sections -static --specs=nano.specs -mfpu=fpv4-sp-d16 -mfloat-abi=hard -mthumb -Wl,--start-group -lc -lm -Wl,--end-group
Finished building target: ADC_DMA.elf
 
arm-none-eabi-size  ADC_DMA.elf 
arm-none-eabi-objdump -h -S ADC_DMA.elf  > "ADC_DMA.list"
   text	   data	    bss	    dec	    hex	filename
  11304	     12	   1908	  13224	   33a8	ADC_DMA.elf
Finished building: default.size.stdout
 
Finished building: ADC_DMA.list
 
17:55:12 **** Incremental Build of configuration Debug for project ADC_DMA ****
make -j12 all 
arm-none-eabi-size  ADC_DMA.elf 
   text	   data	    bss	    dec	    hex	filename
  11304	     12	   1908	  13224	   33a8	ADC_DMA.elf
Finished building: default.size.stdout
 
18:01:47 **** Incremental Build of configuration Debug for project ADC_DMA ****
make -j12 all 
arm-none-eabi-gcc "../Core/Src/main.c" -mcpu=cortex-m4 -std=gnu11 -g3 -DDEBUG -DUSE_HAL_DRIVER -DSTM32F407xx -c -I../Core/Inc -I../Drivers/STM32F4xx_HAL_Driver/Inc -I../Drivers/STM32F4xx_HAL_Driver/Inc/Legacy -I../Drivers/CMSIS/Device/ST/STM32F4xx/Include -I../Drivers/CMSIS/Include -O0 -ffunction-sections -fdata-sections -Wall -fstack-usage -fcyclomatic-complexity -MMD -MP -MF"Core/Src/main.d" -MT"Core/Src/main.o" --specs=nano.specs -mfpu=fpv4-sp-d16 -mfloat-abi=hard -mthumb -o "Core/Src/main.o"
arm-none-eabi-gcc "../Core/Src/stm32f4xx_hal_msp.c" -mcpu=cortex-m4 -std=gnu11 -g3 -DDEBUG -DUSE_HAL_DRIVER -DSTM32F407xx -c -I../Core/Inc -I../Drivers/STM32F4xx_HAL_Driver/Inc -I../Drivers/STM32F4xx_HAL_Driver/Inc/Legacy -I../Drivers/CMSIS/Device/ST/STM32F4xx/Include -I../Drivers/CMSIS/Include -O0 -ffunction-sections -fdata-sections -Wall -fstack-usage -fcyclomatic-complexity -MMD -MP -MF"Core/Src/stm32f4xx_hal_msp.d" -MT"Core/Src/stm32f4xx_hal_msp.o" --specs=nano.specs -mfpu=fpv4-sp-d16 -mfloat-abi=hard -mthumb -o "Core/Src/stm32f4xx_hal_msp.o"
arm-none-eabi-gcc "../Core/Src/stm32f4xx_it.c" -mcpu=cortex-m4 -std=gnu11 -g3 -DDEBUG -DUSE_HAL_DRIVER -DSTM32F407xx -c -I../Core/Inc -I../Drivers/STM32F4xx_HAL_Driver/Inc -I../Drivers/STM32F4xx_HAL_Driver/Inc/Legacy -I../Drivers/CMSIS/Device/ST/STM32F4xx/Include -I../Drivers/CMSIS/Include -O0 -ffunction-sections -fdata-sections -Wall -fstack-usage -fcyclomatic-complexity -MMD -MP -MF"Core/Src/stm32f4xx_it.d" -MT"Core/Src/stm32f4xx_it.o" --specs=nano.specs -mfpu=fpv4-sp-d16 -mfloat-abi=hard -mthumb -o "Core/Src/stm32f4xx_it.o"
../Core/Src/main.c: In function 'main':
../Core/Src/main.c:103:21: warning: unused variable 'ret2' [-Wunused-variable]
  103 |   HAL_StatusTypeDef ret2 = HAL_ADC_Start_DMA(&hadc2, (uint32_t*)&Pot2, 1);   // ADC2 → pot2
      |                     ^~~~
../Core/Src/main.c:102:21: warning: unused variable 'ret1' [-Wunused-variable]
  102 |   HAL_StatusTypeDef ret1 = HAL_ADC_Start_DMA(&hadc1, (uint32_t*)&Pot1, 1);   // ADC1 → pot1
      |                     ^~~~
arm-none-eabi-gcc -o "ADC_DMA.elf" @"objects.list"   -mcpu=cortex-m4 -T"C:\Users\AdityaSingh\Desktop\Stm32\ADC_DMA\STM32F407VGTX_FLASH.ld" --specs=nosys.specs -Wl,-Map="ADC_DMA.map" -Wl,--gc-sections -static --specs=nano.specs -mfpu=fpv4-sp-d16 -mfloat-abi=hard -mthumb -Wl,--start-group -lc -lm -Wl,--end-group
Finished building target: ADC_DMA.elf
 
arm-none-eabi-size  ADC_DMA.elf 
arm-none-eabi-objdump -h -S ADC_DMA.elf  > "ADC_DMA.list"
   text	   data	    bss	    dec	    hex	filename
  11304	     12	   1908	  13224	   33a8	ADC_DMA.elf
Finished building: default.size.stdout
 
Finished building: ADC_DMA.list
 
18:06:09 **** Incremental Build of configuration Debug for project ADC_DMA ****
make -j12 all 
arm-none-eabi-size  ADC_DMA.elf 
   text	   data	    bss	    dec	    hex	filename
  11304	     12	   1908	  13224	   33a8	ADC_DMA.elf
Finished building: default.size.stdout
 
18:13:28 **** Incremental Build of configuration Debug for project ADC_DMA ****
make -j12 all 
arm-none-eabi-gcc "../Core/Src/stm32f4xx_hal_msp.c" -mcpu=cortex-m4 -std=gnu11 -g3 -DDEBUG -DUSE_HAL_DRIVER -DSTM32F407xx -c -I../Core/Inc -I../Drivers/STM32F4xx_HAL_Driver/Inc -I../Drivers/STM32F4xx_HAL_Driver/Inc/Legacy -I../Drivers/CMSIS/Device/ST/STM32F4xx/Include -I../Drivers/CMSIS/Include -O0 -ffunction-sections -fdata-sections -Wall -fstack-usage -fcyclomatic-complexity -MMD -MP -MF"Core/Src/stm32f4xx_hal_msp.d" -MT"Core/Src/stm32f4xx_hal_msp.o" --specs=nano.specs -mfpu=fpv4-sp-d16 -mfloat-abi=hard -mthumb -o "Core/Src/stm32f4xx_hal_msp.o"
arm-none-eabi-gcc -o "ADC_DMA.elf" @"objects.list"   -mcpu=cortex-m4 -T"C:\Users\AdityaSingh\Desktop\Stm32\ADC_DMA\STM32F407VGTX_FLASH.ld" --specs=nosys.specs -Wl,-Map="ADC_DMA.map" -Wl,--gc-sections -static --specs=nano.specs -mfpu=fpv4-sp-d16 -mfloat-abi=hard -mthumb -Wl,--start-group -lc -lm -Wl,--end-group
Finished building target: ADC_DMA.elf
 
arm-none-eabi-size  ADC_DMA.elf 
arm-none-eabi-objdump -h -S ADC_DMA.elf  > "ADC_DMA.list"
   text	   data	    bss	    dec	    hex	filename
  11304	     12	   1908	  13224	   33a8	ADC_DMA.elf
Finished building: default.size.stdout
 
Finished building: ADC_DMA.list
 
18:14:26 **** Incremental Build of configuration Debug for project ADC_DMA ****
make -j12 all 
arm-none-eabi-size  ADC_DMA.elf 
   text	   data	    bss	    dec	    hex	filename
  11304	     12	   1908	  13224	   33a8	ADC_DMA.elf
Finished building: default.size.stdout
 
