16:38:50 **** Incremental Build of configuration Debug for project I2cComm ****
make -j12 all 
arm-none-eabi-gcc "../Core/Src/i2ccomm.c" -mcpu=cortex-m4 -std=gnu11 -g3 -DDEBUG -DUSE_HAL_DRIVER -DSTM32F407xx -c -I../Core/Inc -I../Drivers/STM32F4xx_HAL_Driver/Inc -I../Drivers/STM32F4xx_HAL_Driver/Inc/Legacy -I../Drivers/CMSIS/Device/ST/STM32F4xx/Include -I../Drivers/CMSIS/Include -O0 -ffunction-sections -fdata-sections -Wall -fstack-usage -fcyclomatic-complexity -MMD -MP -MF"Core/Src/i2ccomm.d" -MT"Core/Src/i2ccomm.o" --specs=nano.specs -mfpu=fpv4-sp-d16 -mfloat-abi=hard -mthumb -o "Core/Src/i2ccomm.o"
arm-none-eabi-gcc -o "I2cComm.elf" @"objects.list"   -mcpu=cortex-m4 -T"C:\Users\adity\Desktop\git\Matching_Network_Testing\I2cComm\STM32F407VGTX_FLASH.ld" --specs=nosys.specs -Wl,-Map="I2cComm.map" -Wl,--gc-sections -static --specs=nano.specs -mfpu=fpv4-sp-d16 -mfloat-abi=hard -mthumb -Wl,--start-group -lc -lm -Wl,--end-group
Finished building target: I2cComm.elf
 
arm-none-eabi-size  I2cComm.elf 
arm-none-eabi-objdump -h -S I2cComm.elf  > "I2cComm.list"
   text	   data	    bss	    dec	    hex	filename
  28224	    108	   2380	  30712	   77f8	I2cComm.elf
Finished building: default.size.stdout
 
Finished building: I2cComm.list
 
18:02:08 **** Incremental Build of configuration Debug for project I2cComm ****
make -j12 all 
arm-none-eabi-size  I2cComm.elf 
   text	   data	    bss	    dec	    hex	filename
  28224	    108	   2380	  30712	   77f8	I2cComm.elf
Finished building: default.size.stdout
 
18:03:07 **** Incremental Build of configuration Debug for project I2cComm ****
make -j12 all 
arm-none-eabi-size  I2cComm.elf 
   text	   data	    bss	    dec	    hex	filename
  28224	    108	   2380	  30712	   77f8	I2cComm.elf
Finished building: default.size.stdout
 
18:08:24 **** Incremental Build of configuration Debug for project I2cComm ****
make -j12 all 
arm-none-eabi-gcc "../Core/Src/main.c" -mcpu=cortex-m4 -std=gnu11 -g3 -DDEBUG -DUSE_HAL_DRIVER -DSTM32F407xx -c -I../Core/Inc -I../Drivers/STM32F4xx_HAL_Driver/Inc -I../Drivers/STM32F4xx_HAL_Driver/Inc/Legacy -I../Drivers/CMSIS/Device/ST/STM32F4xx/Include -I../Drivers/CMSIS/Include -O0 -ffunction-sections -fdata-sections -Wall -fstack-usage -fcyclomatic-complexity -MMD -MP -MF"Core/Src/main.d" -MT"Core/Src/main.o" --specs=nano.specs -mfpu=fpv4-sp-d16 -mfloat-abi=hard -mthumb -o "Core/Src/main.o"
arm-none-eabi-gcc -o "I2cComm.elf" @"objects.list"   -mcpu=cortex-m4 -T"C:\Users\adity\Desktop\git\Matching_Network_Testing\I2cComm\STM32F407VGTX_FLASH.ld" --specs=nosys.specs -Wl,-Map="I2cComm.map" -Wl,--gc-sections -static --specs=nano.specs -mfpu=fpv4-sp-d16 -mfloat-abi=hard -mthumb -Wl,--start-group -lc -lm -Wl,--end-group
Finished building target: I2cComm.elf
 
arm-none-eabi-size  I2cComm.elf 
arm-none-eabi-objdump -h -S I2cComm.elf  > "I2cComm.list"
   text	   data	    bss	    dec	    hex	filename
  28260	    108	   2380	  30748	   781c	I2cComm.elf
Finished building: default.size.stdout
 
Finished building: I2cComm.list
 
18:09:54 **** Incremental Build of configuration Debug for project I2cComm ****
make -j12 all 
arm-none-eabi-size  I2cComm.elf 
   text	   data	    bss	    dec	    hex	filename
  28260	    108	   2380	  30748	   781c	I2cComm.elf
Finished building: default.size.stdout
 
18:38:29 **** Incremental Build of configuration Debug for project I2cComm ****
make -j12 all 
arm-none-eabi-size  I2cComm.elf 
   text	   data	    bss	    dec	    hex	filename
  28260	    108	   2380	  30748	   781c	I2cComm.elf
Finished building: default.size.stdout
 
18:39:48 **** Incremental Build of configuration Debug for project I2cComm ****
make -j12 all 
arm-none-eabi-size  I2cComm.elf 
   text	   data	    bss	    dec	    hex	filename
  28260	    108	   2380	  30748	   781c	I2cComm.elf
Finished building: default.size.stdout
 
18:43:35 **** Incremental Build of configuration Debug for project I2cComm ****
make -j12 all 
arm-none-eabi-size  I2cComm.elf 
   text	   data	    bss	    dec	    hex	filename
  28260	    108	   2380	  30748	   781c	I2cComm.elf
Finished building: default.size.stdout
 
18:54:54 **** Incremental Build of configuration Debug for project I2cComm ****
make -j12 all 
arm-none-eabi-size  I2cComm.elf 
   text	   data	    bss	    dec	    hex	filename
  28260	    108	   2380	  30748	   781c	I2cComm.elf
Finished building: default.size.stdout
 
19:09:27 **** Incremental Build of configuration Debug for project I2cComm ****
make -j12 all 
arm-none-eabi-size  I2cComm.elf 
   text	   data	    bss	    dec	    hex	filename
  28260	    108	   2380	  30748	   781c	I2cComm.elf
Finished building: default.size.stdout
 
19:21:34 **** Incremental Build of configuration Debug for project I2cComm ****
make -j12 all 
arm-none-eabi-size  I2cComm.elf 
   text	   data	    bss	    dec	    hex	filename
  28260	    108	   2380	  30748	   781c	I2cComm.elf
Finished building: default.size.stdout
 
