../Core/Src/functions.c:63:6:relay_reset	8	static
../Core/Src/functions.c:72:6:relay_set_state	24	static
../Core/Src/functions.c:86:13:set_relay_combination	16	static
../Core/Src/functions.c:104:19:Calibrate_And_Find_Ranges	24	static
../Core/Src/functions.c:154:10:Measure_Settle_Time_Min_To_Max	24	static
../Core/Src/functions.c:209:10:Measure_Settle_Time_Max_To_Min	24	static
../Core/Src/functions.c:262:10:Measure_State_Repeatability_Min	16	static
../Core/Src/functions.c:295:13:Measure_Transition_Deviation	32	static
../Core/Src/functions.c:349:7:Get_Relay_Min_to_Max_Overshoot_Error	24	static
../Core/Src/functions.c:381:7:Get_Relay_Max_to_Min_Undershoot_Error	24	static
