../Core/Src/functions.c:65:6:relay_reset	8	static
../Core/Src/functions.c:74:6:relay_set_state	24	static
../Core/Src/functions.c:88:13:set_relay_combination	16	static
../Core/Src/functions.c:106:19:Calibrate_And_Find_Ranges	24	static
../Core/Src/functions.c:156:10:Measure_Settle_Time_Min_To_Max	24	static
../Core/Src/functions.c:213:10:Measure_Settle_Time_Max_To_Min	24	static
../Core/Src/functions.c:266:10:Measure_State_Repeatability_Min	16	static
../Core/Src/functions.c:301:13:Measure_Transition_Deviation	32	static
../Core/Src/functions.c:355:7:Get_Relay_Min_to_Max_Overshoot_Error	24	static
../Core/Src/functions.c:387:7:Get_Relay_Max_to_Min_Undershoot_Error	24	static
