../Core/Src/main.c:116:5:main	16	static
../Core/Src/main.c:385:6:SystemClock_Config	88	static
../Core/Src/main.c:431:13:MX_ADC1_Init	80	static
../Core/Src/main.c:530:13:MX_DAC_Init	16	static
../Core/Src/main.c:570:13:MX_I2C1_Init	8	static
../Core/Src/main.c:604:13:MX_TIM1_Init	96	static
../Core/Src/main.c:679:13:MX_TIM2_Init	64	static
../Core/Src/main.c:738:13:MX_TIM6_Init	16	static
../Core/Src/main.c:776:13:MX_USART2_UART_Init	8	static
../Core/Src/main.c:807:13:MX_DMA_Init	16	static
../Core/Src/main.c:829:13:MX_GPIO_Init	48	static
../Core/Src/main.c:869:6:Error_Handler	4	static,ignoring_inline_asm
